Archive member included because of file (symbol)

./mbed/TARGET_LPC1768/TOOLCHAIN_GCC_ARM/libmbed.a(serial_api.o)
                              mbed/TARGET_LPC1768/TOOLCHAIN_GCC_ARM/retarget.o (serial_getc)
./mbed/TARGET_LPC1768/TOOLCHAIN_GCC_ARM/libmbed.a(FilePath.o)
                              mbed/TARGET_LPC1768/TOOLCHAIN_GCC_ARM/retarget.o (mbed::FilePath::FilePath(char const*))
./mbed/TARGET_LPC1768/TOOLCHAIN_GCC_ARM/libmbed.a(FileSystemLike.o)
                              mbed/TARGET_LPC1768/TOOLCHAIN_GCC_ARM/retarget.o (mbed::FileSystemLike::opendir())
./mbed/TARGET_LPC1768/TOOLCHAIN_GCC_ARM/libmbed.a(InterruptIn.o)
                              main.o (mbed::InterruptIn::~InterruptIn())
./mbed/TARGET_LPC1768/TOOLCHAIN_GCC_ARM/libmbed.a(Serial.o)
                              main.o (mbed::Serial::Serial(PinName, PinName, char const*))
./mbed/TARGET_LPC1768/TOOLCHAIN_GCC_ARM/libmbed.a(SerialBase.o)
                              ./mbed/TARGET_LPC1768/TOOLCHAIN_GCC_ARM/libmbed.a(Serial.o) (mbed::SerialBase::SerialBase(PinName, PinName))
./mbed/TARGET_LPC1768/TOOLCHAIN_GCC_ARM/libmbed.a(Stream.o)
                              ./mbed/TARGET_LPC1768/TOOLCHAIN_GCC_ARM/libmbed.a(Serial.o) (mbed::Stream::close())
./mbed/TARGET_LPC1768/TOOLCHAIN_GCC_ARM/libmbed.a(Ticker.o)
                              main.o (mbed::Ticker::detach())
./mbed/TARGET_LPC1768/TOOLCHAIN_GCC_ARM/libmbed.a(Timer.o)
                              main.o (mbed::Timer::Timer())
./mbed/TARGET_LPC1768/TOOLCHAIN_GCC_ARM/libmbed.a(TimerEvent.o)
                              main.o (mbed::TimerEvent::~TimerEvent())
./mbed/TARGET_LPC1768/TOOLCHAIN_GCC_ARM/libmbed.a(assert.o)
                              mbed/TARGET_LPC1768/TOOLCHAIN_GCC_ARM/board.o (mbed_assert_internal)
./mbed/TARGET_LPC1768/TOOLCHAIN_GCC_ARM/libmbed.a(error.o)
                              mbed/TARGET_LPC1768/TOOLCHAIN_GCC_ARM/retarget.o (error)
./mbed/TARGET_LPC1768/TOOLCHAIN_GCC_ARM/libmbed.a(gpio.o)
                              ./mbed/TARGET_LPC1768/TOOLCHAIN_GCC_ARM/libmbed.a(serial_api.o) (gpio_init_in)
./mbed/TARGET_LPC1768/TOOLCHAIN_GCC_ARM/libmbed.a(mbed_interface.o)
                              mbed/TARGET_LPC1768/TOOLCHAIN_GCC_ARM/retarget.o (mbed_interface_connected)
./mbed/TARGET_LPC1768/TOOLCHAIN_GCC_ARM/libmbed.a(pinmap_common.o)
                              ./mbed/TARGET_LPC1768/TOOLCHAIN_GCC_ARM/libmbed.a(serial_api.o) (pinmap_pinout)
./mbed/TARGET_LPC1768/TOOLCHAIN_GCC_ARM/libmbed.a(semihost_api.o)
                              mbed/TARGET_LPC1768/TOOLCHAIN_GCC_ARM/retarget.o (semihost_exit)
./mbed/TARGET_LPC1768/TOOLCHAIN_GCC_ARM/libmbed.a(ticker_api.o)
                              ./mbed/TARGET_LPC1768/TOOLCHAIN_GCC_ARM/libmbed.a(TimerEvent.o) (ticker_set_handler)
./mbed/TARGET_LPC1768/TOOLCHAIN_GCC_ARM/libmbed.a(us_ticker_api.o)
                              ./mbed/TARGET_LPC1768/TOOLCHAIN_GCC_ARM/libmbed.a(Timer.o) (get_us_ticker_data)
./mbed/TARGET_LPC1768/TOOLCHAIN_GCC_ARM/libmbed.a(wait_api.o)
                              ./mbed/TARGET_LPC1768/TOOLCHAIN_GCC_ARM/libmbed.a(SerialBase.o) (wait_us)
./mbed/TARGET_LPC1768/TOOLCHAIN_GCC_ARM/libmbed.a(gpio_api.o)
                              ./mbed/TARGET_LPC1768/TOOLCHAIN_GCC_ARM/libmbed.a(gpio.o) (gpio_init)
./mbed/TARGET_LPC1768/TOOLCHAIN_GCC_ARM/libmbed.a(gpio_irq_api.o)
                              ./mbed/TARGET_LPC1768/TOOLCHAIN_GCC_ARM/libmbed.a(InterruptIn.o) (gpio_irq_init)
./mbed/TARGET_LPC1768/TOOLCHAIN_GCC_ARM/libmbed.a(pinmap.o)
                              ./mbed/TARGET_LPC1768/TOOLCHAIN_GCC_ARM/libmbed.a(pinmap_common.o) (pin_function)
./mbed/TARGET_LPC1768/TOOLCHAIN_GCC_ARM/libmbed.a(us_ticker.o)
                              ./mbed/TARGET_LPC1768/TOOLCHAIN_GCC_ARM/libmbed.a(us_ticker_api.o) (us_ticker_init)
./mbed/TARGET_LPC1768/TOOLCHAIN_GCC_ARM/libmbed.a(FileBase.o)
                              ./mbed/TARGET_LPC1768/TOOLCHAIN_GCC_ARM/libmbed.a(FileSystemLike.o) (mbed::FileBase::~FileBase())
./mbed/TARGET_LPC1768/TOOLCHAIN_GCC_ARM/libmbed.a(FileLike.o)
                              ./mbed/TARGET_LPC1768/TOOLCHAIN_GCC_ARM/libmbed.a(Stream.o) (mbed::FileLike::~FileLike())
/usr/local/gcc-arm-none-eabi-4_9-2015q2/bin/../lib/gcc/arm-none-eabi/4.9.3/../../../../arm-none-eabi/lib/armv7-m/libstdc++_nano.a(atexit_arm.o)
                              main.o (__aeabi_atexit)
/usr/local/gcc-arm-none-eabi-4_9-2015q2/bin/../lib/gcc/arm-none-eabi/4.9.3/../../../../arm-none-eabi/lib/armv7-m/libstdc++_nano.a(del_op.o)
                              main.o (operator delete(void*))
/usr/local/gcc-arm-none-eabi-4_9-2015q2/bin/../lib/gcc/arm-none-eabi/4.9.3/../../../../arm-none-eabi/lib/armv7-m/libstdc++_nano.a(new_op.o)
                              ./mbed/TARGET_LPC1768/TOOLCHAIN_GCC_ARM/libmbed.a(FileSystemLike.o) (operator new(unsigned int))
/usr/local/gcc-arm-none-eabi-4_9-2015q2/bin/../lib/gcc/arm-none-eabi/4.9.3/../../../../arm-none-eabi/lib/armv7-m/libstdc++_nano.a(new_handler.o)
[...]
Memory Configuration

Name             Origin             Length             Attributes
FLASH            0x0000000000000000 0x0000000000080000 xr
RAM              0x00000000100000c8 0x0000000000007f38 xrw
USB_RAM          0x000000002007c000 0x0000000000004000 xrw
ETH_RAM          0x0000000020080000 0x0000000000004000 xrw
*default*        0x0000000000000000 0xffffffffffffffff

Linker script and memory map

LOAD /usr/local/gcc-arm-none-eabi-4_9-2015q2/bin/../lib/gcc/arm-none-eabi/4.9.3/armv7-m/crti.o
LOAD /usr/local/gcc-arm-none-eabi-4_9-2015q2/bin/../lib/gcc/arm-none-eabi/4.9.3/armv7-m/crtbegin.o
LOAD /usr/local/gcc-arm-none-eabi-4_9-2015q2/bin/../lib/gcc/arm-none-eabi/4.9.3/../../../../arm-none-eabi/lib/armv7-m/crt0.o
LOAD EuclidPoint.o
LOAD Point.o
LOAD Block.o
LOAD Map.o
LOAD View.o
LOAD ScreenController.o
LOAD main.o
LOAD mbed/TARGET_LPC1768/TOOLCHAIN_GCC_ARM/board.o
LOAD mbed/TARGET_LPC1768/TOOLCHAIN_GCC_ARM/startup_LPC17xx.o
LOAD mbed/TARGET_LPC1768/TOOLCHAIN_GCC_ARM/cmsis_nvic.o
LOAD mbed/TARGET_LPC1768/TOOLCHAIN_GCC_ARM/retarget.o
LOAD mbed/TARGET_LPC1768/TOOLCHAIN_GCC_ARM/system_LPC17xx.o
LOAD ./mbed/TARGET_LPC1768/TOOLCHAIN_GCC_ARM/libmbed.a
LOAD /usr/local/gcc-arm-none-eabi-4_9-2015q2/bin/../lib/gcc/arm-none-eabi/4.9.3/../../../../arm-none-eabi/lib/armv7-m/libstdc++_nano.a
LOAD /usr/local/gcc-arm-none-eabi-4_9-2015q2/bin/../lib/gcc/arm-none-eabi/4.9.3/../../../../arm-none-eabi/lib/armv7-m/libsupc++_nano.a
LOAD /usr/local/gcc-arm-none-eabi-4_9-2015q2/bin/../lib/gcc/arm-none-eabi/4.9.3/../../../../arm-none-eabi/lib/armv7-m/libm.a
LOAD /usr/local/gcc-arm-none-eabi-4_9-2015q2/bin/../lib/gcc/arm-none-eabi/4.9.3/../../../../arm-none-eabi/lib/armv7-m/libc_nano.a
LOAD /usr/local/gcc-arm-none-eabi-4_9-2015q2/bin/../lib/gcc/arm-none-eabi/4.9.3/armv7-m/libgcc.a
LOAD /usr/local/gcc-arm-none-eabi-4_9-2015q2/bin/../lib/gcc/arm-none-eabi/4.9.3/../../../../arm-none-eabi/lib/armv7-m/libnosys.a
LOAD ./mbed/TARGET_LPC1768/TOOLCHAIN_GCC_ARM/libmbed.a
LOAD /usr/local/gcc-arm-none-eabi-4_9-2015q2/bin/../lib/gcc/arm-none-eabi/4.9.3/../../../../arm-none-eabi/lib/armv7-m/libstdc++_nano.a
LOAD /usr/local/gcc-arm-none-eabi-4_9-2015q2/bin/../lib/gcc/arm-none-eabi/4.9.3/../../../../arm-none-eabi/lib/armv7-m/libsupc++_nano.a
LOAD /usr/local/gcc-arm-none-eabi-4_9-2015q2/bin/../lib/gcc/arm-none-eabi/4.9.3/../../../../arm-none-eabi/lib/armv7-m/libm.a
LOAD /usr/local/gcc-arm-none-eabi-4_9-2015q2/bin/../lib/gcc/arm-none-eabi/4.9.3/../../../../arm-none-eabi/lib/armv7-m/libc_nano.a
LOAD /usr/local/gcc-arm-none-eabi-4_9-2015q2/bin/../lib/gcc/arm-none-eabi/4.9.3/armv7-m/libgcc.a
LOAD /usr/local/gcc-arm-none-eabi-4_9-2015q2/bin/../lib/gcc/arm-none-eabi/4.9.3/../../../../arm-none-eabi/lib/armv7-m/libnosys.a
START GROUP
LOAD /usr/local/gcc-arm-none-eabi-4_9-2015q2/bin/../lib/gcc/arm-none-eabi/4.9.3/armv7-m/libgcc.a
LOAD /usr/local/gcc-arm-none-eabi-4_9-2015q2/bin/../lib/gcc/arm-none-eabi/4.9.3/../../../../arm-none-eabi/lib/armv7-m/libc_nano.a
END GROUP
START GROUP
LOAD /usr/local/gcc-arm-none-eabi-4_9-2015q2/bin/../lib/gcc/arm-none-eabi/4.9.3/armv7-m/libgcc.a
LOAD /usr/local/gcc-arm-none-eabi-4_9-2015q2/bin/../lib/gcc/arm-none-eabi/4.9.3/../../../../arm-none-eabi/lib/armv7-m/libc_nano.a
END GROUP
LOAD /usr/local/gcc-arm-none-eabi-4_9-2015q2/bin/../lib/gcc/arm-none-eabi/4.9.3/armv7-m/crtend.o
LOAD /usr/local/gcc-arm-none-eabi-4_9-2015q2/bin/../lib/gcc/arm-none-eabi/4.9.3/armv7-m/crtn.o

.text           0x0000000000000000     0xb188
 *(.isr_vector)
 .isr_vector    0x0000000000000000       0xcc mbed/TARGET_LPC1768/TOOLCHAIN_GCC_ARM/startup_LPC17xx.o
                0x0000000000000000                __isr_vector
 *(.text*)
 .text          0x00000000000000cc       0x5c /usr/local/gcc-arm-none-eabi-4_9-2015q2/bin/../lib/gcc/arm-none-eabi/4.9.3/armv7-m/crtbegin.o
 .text          0x0000000000000128       0x74 /usr/local/gcc-arm-none-eabi-4_9-2015q2/bin/../lib/gcc/arm-none-eabi/4.9.3/../../../../arm-none-eabi/lib/armv7-m/crt0.o
                0x0000000000000128                _mainCRTStartup
                0x0000000000000128                _start
 *fill*         0x000000000000019c        0x4 
 .text._ZN11EuclidPoint8getPointEv
                0x00000000000001a0       0x90 EuclidPoint.o
                0x00000000000001a0                EuclidPoint::getPoint()
 .text._ZN11EuclidPointC2Ev
                0x0000000000000230        0xe EuclidPoint.o
                0x0000000000000230                EuclidPoint::EuclidPoint()
                0x0000000000000230                EuclidPoint::EuclidPoint()
 .text._ZN11EuclidPointC2Eiii
                0x000000000000023e        0x8 EuclidPoint.o
                0x000000000000023e                EuclidPoint::EuclidPoint(int, int, int)
                0x000000000000023e                EuclidPoint::EuclidPoint(int, int, int)
 .text._ZN11EuclidPoint6moveUpEv
                0x0000000000000246        0x8 EuclidPoint.o
                0x0000000000000246                EuclidPoint::moveUp()
 .text._ZN11EuclidPoint8moveDownEv
                0x000000000000024e        0x8 EuclidPoint.o
                0x000000000000024e                EuclidPoint::moveDown()
 .text._ZN11EuclidPoint11moveTowardsEv
                0x0000000000000256        0x8 EuclidPoint.o
                0x0000000000000256                EuclidPoint::moveTowards()
 .text._ZN11EuclidPoint8moveAwayEv
                0x000000000000025e        0x8 EuclidPoint.o
                0x000000000000025e                EuclidPoint::moveAway()
 .text._ZN11EuclidPoint9moveRightEv
                0x0000000000000266        0x8 EuclidPoint.o
                0x0000000000000266                EuclidPoint::moveRight()
 .text._ZN11EuclidPoint8moveLeftEv
                0x000000000000026e        0x8 EuclidPoint.o
                0x000000000000026e                EuclidPoint::moveLeft()
 .text._ZN5PointC2Ev
                0x0000000000000276       0x34 Point.o
                0x0000000000000276                Point::Point()
                0x0000000000000276                Point::Point()
 .text._ZN5PointC2Eiii
                0x00000000000002aa       0x2e Point.o
                0x00000000000002aa                Point::Point(int, int, int)
                0x00000000000002aa                Point::Point(int, int, int)
 .text._ZN5Point13getArraySliceEv
                0x00000000000002d8       0x18 Point.o
                0x00000000000002d8                Point::getArraySlice()
 .text._ZN5Point9getDegreeEv
                0x00000000000002f0       0x10 Point.o
                0x00000000000002f0                Point::getDegree()
 .text._ZN5Point18getIdentifyingCharEv
                0x0000000000000300        0xa Point.o
                0x0000000000000300                Point::getIdentifyingChar()
 .text._ZN5Point19getPositionDistanceEv
                0x000000000000030a        0x4 Point.o
                0x000000000000030a                Point::getPositionDistance()
 .text._ZN5Point6moveUpEv
                0x000000000000030e        0xc Point.o
                0x000000000000030e                Point::moveUp()
 .text._ZN5Point8moveDownEv
                0x000000000000031a        0xe Point.o
                0x000000000000031a                Point::moveDown()
 .text._ZN5Point11rotateRightEv
                0x0000000000000328       0x14 Point.o
                0x0000000000000328                Point::rotateRight()
 .text._ZN5Point10rotateLeftEv
                0x000000000000033c       0x14 Point.o
                0x000000000000033c                Point::rotateLeft()
 .text._ZN5Point6moveInEv
                0x0000000000000350        0xe Point.o
                0x0000000000000350                Point::moveIn()
 .text._ZN5Point7moveOutEv
                0x000000000000035e        0xc Point.o
                0x000000000000035e                Point::moveOut()
 .text._ZN5BlockC2Eiiiii
                0x000000000000036a       0x10 Block.o
                0x000000000000036a                Block::Block(int, int, int, int, int)
                0x000000000000036a                Block::Block(int, int, int, int, int)
 .text._ZN5BlockC2Ev
                0x000000000000037a        0xe Block.o
                0x000000000000037a                Block::Block()
                0x000000000000037a                Block::Block()
 .text._ZN5Block9moveRightEv
                0x0000000000000388        0x8 Block.o
                0x0000000000000388                Block::moveRight()
 .text._ZN5Block8moveLeftEv
                0x0000000000000390        0x8 Block.o
                0x0000000000000390                Block::moveLeft()
 .text._ZN5Block6moveInEv
                0x0000000000000398        0x8 Block.o
                0x0000000000000398                Block::moveIn()
 .text._ZN5Block7moveOutEv
                0x00000000000003a0        0x8 Block.o
                0x00000000000003a0                Block::moveOut()
 .text.gpio_write
                0x00000000000003a8        0xe View.o
 .text._ZN4mbed10DigitalOutC2E7PinName
                0x00000000000003b6       0x1a View.o
                0x00000000000003b6                mbed::DigitalOut::DigitalOut(PinName)
                0x00000000000003b6                mbed::DigitalOut::DigitalOut(PinName)
 .text._ZN4ViewC2Ev
                0x00000000000003d0        0xa View.o
                0x00000000000003d0                View::View()
                0x00000000000003d0                View::View()
 *fill*         0x00000000000003da        0x2 
 .text._ZN4View8pushDataEPc
                0x00000000000003dc      0x134 View.o
                0x00000000000003dc                View::pushData(char*)
 .text._ZN4View11nextLedPushEv
                0x0000000000000510       0x1e View.o
                0x0000000000000510                View::nextLedPush()
 .text._ZN4View10resetCountEv
                0x000000000000052e        0xa View.o
                0x000000000000052e                View::resetCount()
 .text._ZN4View12resetDisplayEv
                0x0000000000000538       0x18 View.o
                0x0000000000000538                View::resetDisplay()
 .text._ZN4View8addValueEiic
                0x0000000000000550       0x16 View.o
                0x0000000000000550                View::addValue(int, int, char)
 .text._ZN4View8addPointE5Point
                0x0000000000000566       0x36 View.o
                0x0000000000000566                View::addPoint(Point)
 .text._ZN4View11addEucPointE11EuclidPoint
                0x000000000000059c       0x3a View.o
                0x000000000000059c                View::addEucPoint(EuclidPoint)
 *fill*         0x00000000000005d6        0x2 
 .text._ZN4View9isAtPointEiiii
                0x00000000000005d8       0x90 View.o
                0x00000000000005d8                View::isAtPoint(int, int, int, int)
 .text._ZN4View17addFilledEucPointE11EuclidPoint
                0x0000000000000668       0xce View.o
                0x0000000000000668                View::addFilledEucPoint(EuclidPoint)
 .text._ZN4View10drawSquareEiiii
                0x0000000000000736       0x8a View.o
                0x0000000000000736                View::drawSquare(int, int, int, int)
 .text._ZN4View8drawLineEiiii
                0x00000000000007c0       0x38 View.o
                0x00000000000007c0                View::drawLine(int, int, int, int)
 .text._ZN4View8addBlockE5Block
                0x00000000000007f8       0x78 View.o
                0x00000000000007f8                View::addBlock(Block)
 .text.startup._GLOBAL__sub_I_pushRegister
                0x0000000000000870       0xa4 View.o
 .text._ZN4mbed10SerialBaseD2Ev
                0x0000000000000914        0x2 main.o
                0x0000000000000914                mbed::SerialBase::~SerialBase()
                0x0000000000000914                mbed::SerialBase::~SerialBase()
 .text._ZN4mbed19FunctionPointerArg1IvvE12membercallerI4ViewEEvPvPj
                0x0000000000000916       0x18 main.o
                0x0000000000000916                void mbed::FunctionPointerArg1<void, void>::membercaller<View>(void*, unsigned int*)
 *fill*         0x000000000000092e        0x2 
 .text._ZN4mbed6SerialD2Ev
                0x0000000000000930       0x24 main.o
                0x0000000000000930                mbed::Serial::~Serial()
                0x0000000000000930                mbed::Serial::~Serial()
 .text._ZN4mbed6SerialD1Ev
                0x0000000000000954       0x10 main.o
                0x0000000000000954                non-virtual thunk to mbed::Serial::~Serial()
                0x000000000000095c                non-virtual thunk to mbed::Serial::~Serial()
 .text._ZN4mbed10SerialBaseD0Ev
                0x0000000000000964        0xc main.o
                0x0000000000000964                mbed::SerialBase::~SerialBase()
 .text._ZN4mbed6TickerD2Ev
                0x0000000000000970       0x1c main.o
                0x0000000000000970                mbed::Ticker::~Ticker()
                0x0000000000000970                mbed::Ticker::~Ticker()
 .text._Z12rotate_sensev
                0x000000000000098c       0xa4 main.o
                0x000000000000098c                rotate_sense()
 .text._ZN4mbed6TickerD0Ev
                0x0000000000000a30       0x12 main.o
                0x0000000000000a30                mbed::Ticker::~Ticker()
 *fill*         0x0000000000000a42        0x2 
 .text._Z9updateMapv
                0x0000000000000a44       0xd8 main.o
                0x0000000000000a44                updateMap()
 .text._Z13parseLineModec
                0x0000000000000b1c       0x78 main.o
                0x0000000000000b1c                parseLineMode(char)
 .text._Z12parseMapModec
                0x0000000000000b94       0x6c main.o
                0x0000000000000b94                parseMapMode(char)
 .text._Z12parseEucModec
                0x0000000000000c00       0x64 main.o
                0x0000000000000c00                parseEucMode(char)
 .text._Z7parseBtc
                0x0000000000000c64       0x8c main.o
                0x0000000000000c64                parseBt(char)
 .text.startup.main
                0x0000000000000cf0      0x1a8 main.o
                0x0000000000000cf0                main
 .text._ZN4mbed6SerialD0Ev
                0x0000000000000e98       0x1e main.o
                0x0000000000000e98                mbed::Serial::~Serial()
                0x0000000000000eaa                non-virtual thunk to mbed::Serial::~Serial()
                0x0000000000000eb0                non-virtual thunk to mbed::Serial::~Serial()
 *fill*         0x0000000000000eb6        0x2 
 .text.startup._GLOBAL__sub_I_hallSensor
                0x0000000000000eb8       0xd4 main.o
 .text.mbed_die
                0x0000000000000f8c      0x10c mbed/TARGET_LPC1768/TOOLCHAIN_GCC_ARM/board.o
                0x0000000000000f8c                mbed_die
 .text          0x0000000000001098       0x44 mbed/TARGET_LPC1768/TOOLCHAIN_GCC_ARM/startup_LPC17xx.o
                0x0000000000001098                Reset_Handler
                0x00000000000010c8                NMI_Handler
                0x00000000000010ca                HardFault_Handler
                0x00000000000010cc                MemManage_Handler
                0x00000000000010ce                BusFault_Handler
                0x00000000000010d0                UsageFault_Handler
                0x00000000000010d2                SVC_Handler
                0x00000000000010d4                DebugMon_Handler
                0x00000000000010d6                PendSV_Handler
                0x00000000000010d8                SysTick_Handler
                0x00000000000010da                TIMER3_IRQHandler
                0x00000000000010da                UART0_IRQHandler
                0x00000000000010da                PLL0_IRQHandler
                0x00000000000010da                CAN_IRQHandler
                0x00000000000010da                PLL1_IRQHandler
                0x00000000000010da                SSP0_IRQHandler
                0x00000000000010da                I2S_IRQHandler
                0x00000000000010da                I2C2_IRQHandler
                0x00000000000010da                RTC_IRQHandler
                0x00000000000010da                TIMER0_IRQHandler
                0x00000000000010da                SPI_IRQHandler
                0x00000000000010da                EINT1_IRQHandler
                0x00000000000010da                TIMER1_IRQHandler
                0x00000000000010da                UART2_IRQHandler
                0x00000000000010da                Default_Handler
                0x00000000000010da                ADC_IRQHandler
                0x00000000000010da                SSP1_IRQHandler
                0x00000000000010da                USB_IRQHandler
                0x00000000000010da                BOD_IRQHandler
                0x00000000000010da                WDT_IRQHandler
                0x00000000000010da                QEI_IRQHandler
                0x00000000000010da                EINT0_IRQHandler
                0x00000000000010da                DEF_IRQHandler
                0x00000000000010da                DMA_IRQHandler
                0x00000000000010da                UART3_IRQHandler
                0x00000000000010da                MCPWM_IRQHandler
                0x00000000000010da                TIMER2_IRQHandler
                0x00000000000010da                ENET_IRQHandler
                0x00000000000010da                RIT_IRQHandler
                0x00000000000010da                I2C0_IRQHandler
                0x00000000000010da                USBActivity_IRQHandler
                0x00000000000010da                PWM1_IRQHandler
                0x00000000000010da                I2C1_IRQHandler
                0x00000000000010da                EINT2_IRQHandler
                0x00000000000010da                UART1_IRQHandler
                0x00000000000010da                EINT3_IRQHandler
                0x00000000000010da                CANActivity_IRQHandler
 .text.NVIC_SetVector
                0x00000000000010dc       0x3c mbed/TARGET_LPC1768/TOOLCHAIN_GCC_ARM/cmsis_nvic.o
                0x00000000000010dc                NVIC_SetVector
 .text._ZN4mbed10FileHandle4flenEv
                0x0000000000001118       0x34 mbed/TARGET_LPC1768/TOOLCHAIN_GCC_ARM/retarget.o
                0x0000000000001118                mbed::FileHandle::flen()
 .text._ZN4mbed10FileHandleD2Ev
                0x000000000000114c       0x2c mbed/TARGET_LPC1768/TOOLCHAIN_GCC_ARM/retarget.o
                0x000000000000114c                mbed::FileHandle::~FileHandle()
                0x000000000000114c                mbed::FileHandle::~FileHandle()
 .text._ZN4mbed10FileHandleD0Ev
                0x0000000000001178       0x34 mbed/TARGET_LPC1768/TOOLCHAIN_GCC_ARM/retarget.o
                0x0000000000001178                mbed::FileHandle::~FileHandle()
 .text._ZL11init_serialv.part.0
                0x00000000000011ac       0x18 mbed/TARGET_LPC1768/TOOLCHAIN_GCC_ARM/retarget.o
 .text._open    0x00000000000011c4       0xf8 mbed/TARGET_LPC1768/TOOLCHAIN_GCC_ARM/retarget.o
                0x00000000000011c4                _open
 .text._close   0x00000000000012bc       0x2c mbed/TARGET_LPC1768/TOOLCHAIN_GCC_ARM/retarget.o
                0x00000000000012bc                _close
 .text._write   0x00000000000012e8       0x50 mbed/TARGET_LPC1768/TOOLCHAIN_GCC_ARM/retarget.o
                0x00000000000012e8                _write
 .text._read    0x0000000000001338       0x4c mbed/TARGET_LPC1768/TOOLCHAIN_GCC_ARM/retarget.o
                0x0000000000001338                _read
 .text._isatty  0x0000000000001384       0x28 mbed/TARGET_LPC1768/TOOLCHAIN_GCC_ARM/retarget.o
                0x0000000000001384                _isatty
 .text._lseek   0x00000000000013ac       0x28 mbed/TARGET_LPC1768/TOOLCHAIN_GCC_ARM/retarget.o
                0x00000000000013ac                _lseek
 .text._fstat   0x00000000000013d4       0x20 mbed/TARGET_LPC1768/TOOLCHAIN_GCC_ARM/retarget.o
                0x00000000000013d4                _fstat
 .text.__cxa_pure_virtual
                0x00000000000013f4        0x8 mbed/TARGET_LPC1768/TOOLCHAIN_GCC_ARM/retarget.o
                0x00000000000013f4                __cxa_pure_virtual
 .text.mbed_main
                0x00000000000013fc        0x4 mbed/TARGET_LPC1768/TOOLCHAIN_GCC_ARM/retarget.o
                0x00000000000013fc                mbed_main
 .text.mbed_sdk_init
                0x0000000000001400        0x4 mbed/TARGET_LPC1768/TOOLCHAIN_GCC_ARM/retarget.o
                0x0000000000001400                mbed_sdk_init
 .text.__wrap_main
                0x0000000000001404       0x14 mbed/TARGET_LPC1768/TOOLCHAIN_GCC_ARM/retarget.o
                0x0000000000001404                __wrap_main
 .text._sbrk    0x0000000000001418       0x28 mbed/TARGET_LPC1768/TOOLCHAIN_GCC_ARM/retarget.o
                0x0000000000001418                _sbrk
 .text._exit    0x0000000000001440       0x30 mbed/TARGET_LPC1768/TOOLCHAIN_GCC_ARM/retarget.o
                0x0000000000001440                _exit
 .text._ZN4mbed26mbed_set_unbuffered_streamEP7__sFILE
                0x0000000000001470        0x8 mbed/TARGET_LPC1768/TOOLCHAIN_GCC_ARM/retarget.o
                0x0000000000001470                mbed::mbed_set_unbuffered_stream(__sFILE*)
 .text._ZN4mbed9mbed_getcEP7__sFILE
                0x0000000000001478        0x4 mbed/TARGET_LPC1768/TOOLCHAIN_GCC_ARM/retarget.o
                0x0000000000001478                mbed::mbed_getc(__sFILE*)
 .text.SystemInit
                0x000000000000147c       0xb8 mbed/TARGET_LPC1768/TOOLCHAIN_GCC_ARM/system_LPC17xx.o
                0x000000000000147c                SystemInit
 .text.uart2_irq
                0x0000000000001534       0x64 ./mbed/TARGET_LPC1768/TOOLCHAIN_GCC_ARM/libmbed.a(serial_api.o)
                0x0000000000001534                uart2_irq
 .text.serial_irq_set_internal
                0x0000000000001598       0xcc ./mbed/TARGET_LPC1768/TOOLCHAIN_GCC_ARM/libmbed.a(serial_api.o)
 .text.uart0_irq
                0x0000000000001664       0x64 ./mbed/TARGET_LPC1768/TOOLCHAIN_GCC_ARM/libmbed.a(serial_api.o)
                0x0000000000001664                uart0_irq
 .text.uart3_irq
                0x00000000000016c8       0x6c ./mbed/TARGET_LPC1768/TOOLCHAIN_GCC_ARM/libmbed.a(serial_api.o)
                0x00000000000016c8                uart3_irq
 .text.uart1_irq
                0x0000000000001734       0x64 ./mbed/TARGET_LPC1768/TOOLCHAIN_GCC_ARM/libmbed.a(serial_api.o)
                0x0000000000001734                uart1_irq
 .text.serial_baud
                0x0000000000001798      0x244 ./mbed/TARGET_LPC1768/TOOLCHAIN_GCC_ARM/libmbed.a(serial_api.o)
                0x0000000000001798                serial_baud
 .text.serial_format
                0x00000000000019dc       0x78 ./mbed/TARGET_LPC1768/TOOLCHAIN_GCC_ARM/libmbed.a(serial_api.o)
                0x00000000000019dc                serial_format
 .text.serial_irq_handler
                0x0000000000001a54       0x20 ./mbed/TARGET_LPC1768/TOOLCHAIN_GCC_ARM/libmbed.a(serial_api.o)
                0x0000000000001a54                serial_irq_handler
 .text.serial_getc
                0x0000000000001a74       0x38 ./mbed/TARGET_LPC1768/TOOLCHAIN_GCC_ARM/libmbed.a(serial_api.o)
                0x0000000000001a74                serial_getc
 .text.serial_readable
                0x0000000000001aac        0xc ./mbed/TARGET_LPC1768/TOOLCHAIN_GCC_ARM/libmbed.a(serial_api.o)
                0x0000000000001aac                serial_readable
 .text.serial_writable
                0x0000000000001ab8       0x74 ./mbed/TARGET_LPC1768/TOOLCHAIN_GCC_ARM/libmbed.a(serial_api.o)
                0x0000000000001ab8                serial_writable
 .text.serial_putc
                0x0000000000001b2c       0x34 ./mbed/TARGET_LPC1768/TOOLCHAIN_GCC_ARM/libmbed.a(serial_api.o)
                0x0000000000001b2c                serial_putc
 .text.serial_set_flow_control
                0x0000000000001b60      0x12c ./mbed/TARGET_LPC1768/TOOLCHAIN_GCC_ARM/libmbed.a(serial_api.o)
                0x0000000000001b60                serial_set_flow_control
 .text.serial_init
                0x0000000000001c8c      0x1bc ./mbed/TARGET_LPC1768/TOOLCHAIN_GCC_ARM/libmbed.a(serial_api.o)
                0x0000000000001c8c                serial_init
 .text._ZN4mbed8FilePathC2EPKc
                0x0000000000001e48       0x58 ./mbed/TARGET_LPC1768/TOOLCHAIN_GCC_ARM/libmbed.a(FilePath.o)
                0x0000000000001e48                mbed::FilePath::FilePath(char const*)
                0x0000000000001e48                mbed::FilePath::FilePath(char const*)
 .text._ZN4mbed8FilePath8fileNameEv
                0x0000000000001ea0        0x4 ./mbed/TARGET_LPC1768/TOOLCHAIN_GCC_ARM/libmbed.a(FilePath.o)
                0x0000000000001ea0                mbed::FilePath::fileName()
 .text._ZN4mbed8FilePath10fileSystemEv
                0x0000000000001ea4       0x18 ./mbed/TARGET_LPC1768/TOOLCHAIN_GCC_ARM/libmbed.a(FilePath.o)
                0x0000000000001ea4                mbed::FilePath::fileSystem()
 .text._ZN4mbed8FilePath6isFileEv
                0x0000000000001ebc       0x14 ./mbed/TARGET_LPC1768/TOOLCHAIN_GCC_ARM/libmbed.a(FilePath.o)
                0x0000000000001ebc                mbed::FilePath::isFile()
 .text._ZN4mbed8FilePath4fileEv
                0x0000000000001ed0       0x1c ./mbed/TARGET_LPC1768/TOOLCHAIN_GCC_ARM/libmbed.a(FilePath.o)
                0x0000000000001ed0                mbed::FilePath::file()
 .text._ZN4mbed8FilePath6existsEv
                0x0000000000001eec        0xc ./mbed/TARGET_LPC1768/TOOLCHAIN_GCC_ARM/libmbed.a(FilePath.o)
                0x0000000000001eec                mbed::FilePath::exists()
 .text._ZN4mbed11InterruptInD2Ev
                0x0000000000001ef8       0x18 ./mbed/TARGET_LPC1768/TOOLCHAIN_GCC_ARM/libmbed.a(InterruptIn.o)
                0x0000000000001ef8                mbed::InterruptIn::~InterruptIn()
                0x0000000000001ef8                mbed::InterruptIn::~InterruptIn()
 .text._ZN4mbed11InterruptInD0Ev
                0x0000000000001f10       0x1c ./mbed/TARGET_LPC1768/TOOLCHAIN_GCC_ARM/libmbed.a(InterruptIn.o)
                0x0000000000001f10                mbed::InterruptIn::~InterruptIn()
 .text._ZN4mbed11InterruptIn12_irq_handlerEm14gpio_irq_event
                0x0000000000001f2c       0x44 ./mbed/TARGET_LPC1768/TOOLCHAIN_GCC_ARM/libmbed.a(InterruptIn.o)
                0x0000000000001f2c                mbed::InterruptIn::_irq_handler(unsigned long, gpio_irq_event)
 .text._ZN4mbed11InterruptInC2E7PinName
                0x0000000000001f70       0x44 ./mbed/TARGET_LPC1768/TOOLCHAIN_GCC_ARM/libmbed.a(InterruptIn.o)
                0x0000000000001f70                mbed::InterruptIn::InterruptIn(PinName)
                0x0000000000001f70                mbed::InterruptIn::InterruptIn(PinName)
 .text._ZN4mbed11InterruptIn4fallEPFvvE
                0x0000000000001fb4       0x1c ./mbed/TARGET_LPC1768/TOOLCHAIN_GCC_ARM/libmbed.a(InterruptIn.o)
                0x0000000000001fb4                mbed::InterruptIn::fall(void (*)())
 .text._ZN4mbed6Serial5_getcEv
                0x0000000000001fd0        0x4 ./mbed/TARGET_LPC1768/TOOLCHAIN_GCC_ARM/libmbed.a(Serial.o)
                0x0000000000001fd0                mbed::Serial::_getc()
 .text._ZThn64_N4mbed6Serial5_getcEv
                0x0000000000001fd4        0x8 ./mbed/TARGET_LPC1768/TOOLCHAIN_GCC_ARM/libmbed.a(Serial.o)
                0x0000000000001fd4                non-virtual thunk to mbed::Serial::_getc()
 .text._ZN4mbed6Serial5_putcEi
                0x0000000000001fdc        0x4 ./mbed/TARGET_LPC1768/TOOLCHAIN_GCC_ARM/libmbed.a(Serial.o)
                0x0000000000001fdc                mbed::Serial::_putc(int)
 .text._ZThn64_N4mbed6Serial5_putcEi
                0x0000000000001fe0        0x8 ./mbed/TARGET_LPC1768/TOOLCHAIN_GCC_ARM/libmbed.a(Serial.o)
                0x0000000000001fe0                non-virtual thunk to mbed::Serial::_putc(int)
 .text._ZN4mbed6SerialC2E7PinNameS1_PKc
                0x0000000000001fe8       0x30 ./mbed/TARGET_LPC1768/TOOLCHAIN_GCC_ARM/libmbed.a(Serial.o)
                0x0000000000001fe8                mbed::Serial::Serial(PinName, PinName, char const*)
                0x0000000000001fe8                mbed::Serial::Serial(PinName, PinName, char const*)
 .text._ZN4mbed10SerialBase12_irq_handlerEm9SerialIrq
                0x0000000000002018       0x28 ./mbed/TARGET_LPC1768/TOOLCHAIN_GCC_ARM/libmbed.a(SerialBase.o)
                0x0000000000002018                mbed::SerialBase::_irq_handler(unsigned long, SerialIrq)
 .text._ZN4mbed10SerialBaseC2E7PinNameS1_
                0x0000000000002040       0x3c ./mbed/TARGET_LPC1768/TOOLCHAIN_GCC_ARM/libmbed.a(SerialBase.o)
                0x0000000000002040                mbed::SerialBase::SerialBase(PinName, PinName)
                0x0000000000002040                mbed::SerialBase::SerialBase(PinName, PinName)
 .text._ZN4mbed10SerialBase8readableEv
                0x000000000000207c        0x8 ./mbed/TARGET_LPC1768/TOOLCHAIN_GCC_ARM/libmbed.a(SerialBase.o)
                0x000000000000207c                mbed::SerialBase::readable()
 .text._ZN4mbed10SerialBase10_base_getcEv
                0x0000000000002084        0x8 ./mbed/TARGET_LPC1768/TOOLCHAIN_GCC_ARM/libmbed.a(SerialBase.o)
                0x0000000000002084                mbed::SerialBase::_base_getc()
 .text._ZN4mbed10SerialBase10_base_putcEi
                0x000000000000208c       0x10 ./mbed/TARGET_LPC1768/TOOLCHAIN_GCC_ARM/libmbed.a(SerialBase.o)
                0x000000000000208c                mbed::SerialBase::_base_putc(int)
 .text._ZN4mbed6Stream5closeEv
                0x000000000000209c        0x4 ./mbed/TARGET_LPC1768/TOOLCHAIN_GCC_ARM/libmbed.a(Stream.o)
                0x000000000000209c                mbed::Stream::close()
 .text._ZN4mbed6Stream5writeEPKvj
                0x00000000000020a0       0x30 ./mbed/TARGET_LPC1768/TOOLCHAIN_GCC_ARM/libmbed.a(Stream.o)
                0x00000000000020a0                mbed::Stream::write(void const*, unsigned int)
 .text._ZN4mbed6Stream4readEPvj
                0x00000000000020d0       0x30 ./mbed/TARGET_LPC1768/TOOLCHAIN_GCC_ARM/libmbed.a(Stream.o)
                0x00000000000020d0                mbed::Stream::read(void*, unsigned int)
 .text._ZN4mbed6Stream5lseekEli
                0x0000000000002100        0x4 ./mbed/TARGET_LPC1768/TOOLCHAIN_GCC_ARM/libmbed.a(Stream.o)
                0x0000000000002100                mbed::Stream::lseek(long, int)
 .text._ZN4mbed6Stream6isattyEv
                0x0000000000002104        0x4 ./mbed/TARGET_LPC1768/TOOLCHAIN_GCC_ARM/libmbed.a(Stream.o)
                0x0000000000002104                mbed::Stream::isatty()
 .text._ZN4mbed6Stream5fsyncEv
                0x0000000000002108        0x4 ./mbed/TARGET_LPC1768/TOOLCHAIN_GCC_ARM/libmbed.a(Stream.o)
                0x0000000000002108                mbed::Stream::fsync()
 .text._ZN4mbed6Stream4flenEv
                0x000000000000210c        0x4 ./mbed/TARGET_LPC1768/TOOLCHAIN_GCC_ARM/libmbed.a(Stream.o)
                0x000000000000210c                mbed::Stream::flen()
 .text._ZN4mbed6StreamD2Ev
                0x0000000000002110       0x24 ./mbed/TARGET_LPC1768/TOOLCHAIN_GCC_ARM/libmbed.a(Stream.o)
                0x0000000000002110                mbed::Stream::~Stream()
                0x0000000000002110                mbed::Stream::~Stream()
 .text._ZThn4_N4mbed6StreamD1Ev
                0x0000000000002134        0x8 ./mbed/TARGET_LPC1768/TOOLCHAIN_GCC_ARM/libmbed.a(Stream.o)
                0x0000000000002134                non-virtual thunk to mbed::Stream::~Stream()
 .text._ZN4mbed6StreamD0Ev
                0x000000000000213c       0x14 ./mbed/TARGET_LPC1768/TOOLCHAIN_GCC_ARM/libmbed.a(Stream.o)
                0x000000000000213c                mbed::Stream::~Stream()
 .text._ZThn4_N4mbed6StreamD0Ev
                0x0000000000002150        0x8 ./mbed/TARGET_LPC1768/TOOLCHAIN_GCC_ARM/libmbed.a(Stream.o)
                0x0000000000002150                non-virtual thunk to mbed::Stream::~Stream()
 .text._ZN4mbed6StreamC2EPKc
                0x0000000000002158       0x44 ./mbed/TARGET_LPC1768/TOOLCHAIN_GCC_ARM/libmbed.a(Stream.o)
                0x0000000000002158                mbed::Stream::Stream(char const*)
                0x0000000000002158                mbed::Stream::Stream(char const*)
 .text._ZN4mbed6Stream4getcEv
                0x000000000000219c       0x14 ./mbed/TARGET_LPC1768/TOOLCHAIN_GCC_ARM/libmbed.a(Stream.o)
                0x000000000000219c                mbed::Stream::getc()
 .text._ZN4mbed6Stream6printfEPKcz
                0x00000000000021b0       0x2c ./mbed/TARGET_LPC1768/TOOLCHAIN_GCC_ARM/libmbed.a(Stream.o)
                0x00000000000021b0                mbed::Stream::printf(char const*, ...)
 .text._ZN4mbed6Ticker7handlerEv
                0x00000000000021dc       0x28 ./mbed/TARGET_LPC1768/TOOLCHAIN_GCC_ARM/libmbed.a(Ticker.o)
                0x00000000000021dc                mbed::Ticker::handler()
 .text._ZN4mbed6Ticker6detachEv
                0x0000000000002204       0x10 ./mbed/TARGET_LPC1768/TOOLCHAIN_GCC_ARM/libmbed.a(Ticker.o)
                0x0000000000002204                mbed::Ticker::detach()
 .text._ZN4mbed6Ticker5setupEm
                0x0000000000002214       0x20 ./mbed/TARGET_LPC1768/TOOLCHAIN_GCC_ARM/libmbed.a(Ticker.o)
                0x0000000000002214                mbed::Ticker::setup(unsigned long)
 .text._ZN4mbed5Timer9slicetimeEv.part.0
                0x0000000000002234       0x10 ./mbed/TARGET_LPC1768/TOOLCHAIN_GCC_ARM/libmbed.a(Timer.o)
 .text._ZN4mbed5TimerC2Ev
                0x0000000000002244       0x20 ./mbed/TARGET_LPC1768/TOOLCHAIN_GCC_ARM/libmbed.a(Timer.o)
                0x0000000000002244                mbed::Timer::Timer()
                0x0000000000002244                mbed::Timer::Timer()
 .text._ZN4mbed5Timer5startEv
                0x0000000000002264       0x18 ./mbed/TARGET_LPC1768/TOOLCHAIN_GCC_ARM/libmbed.a(Timer.o)
                0x0000000000002264                mbed::Timer::start()
 .text._ZN4mbed5Timer7read_usEv
                0x000000000000227c       0x14 ./mbed/TARGET_LPC1768/TOOLCHAIN_GCC_ARM/libmbed.a(Timer.o)
                0x000000000000227c                mbed::Timer::read_us()
 .text._ZN4mbed5Timer5resetEv
                0x0000000000002290       0x14 ./mbed/TARGET_LPC1768/TOOLCHAIN_GCC_ARM/libmbed.a(Timer.o)
                0x0000000000002290                mbed::Timer::reset()
 .text._ZN4mbed10TimerEvent3irqEm
                0x00000000000022a4        0xc ./mbed/TARGET_LPC1768/TOOLCHAIN_GCC_ARM/libmbed.a(TimerEvent.o)
                0x00000000000022a4                mbed::TimerEvent::irq(unsigned long)
 .text._ZN4mbed10TimerEventD2Ev
                0x00000000000022b0       0x18 ./mbed/TARGET_LPC1768/TOOLCHAIN_GCC_ARM/libmbed.a(TimerEvent.o)
                0x00000000000022b0                mbed::TimerEvent::~TimerEvent()
                0x00000000000022b0                mbed::TimerEvent::~TimerEvent()
 .text._ZN4mbed10TimerEventD0Ev
                0x00000000000022c8       0x20 ./mbed/TARGET_LPC1768/TOOLCHAIN_GCC_ARM/libmbed.a(TimerEvent.o)
                0x00000000000022c8                mbed::TimerEvent::~TimerEvent()
 .text._ZN4mbed10TimerEventC2Ev
                0x00000000000022e8       0x28 ./mbed/TARGET_LPC1768/TOOLCHAIN_GCC_ARM/libmbed.a(TimerEvent.o)
                0x00000000000022e8                mbed::TimerEvent::TimerEvent()
                0x00000000000022e8                mbed::TimerEvent::TimerEvent()
 .text._ZN4mbed10TimerEvent6insertEm
                0x0000000000002310        0xc ./mbed/TARGET_LPC1768/TOOLCHAIN_GCC_ARM/libmbed.a(TimerEvent.o)
                0x0000000000002310                mbed::TimerEvent::insert(unsigned long)
 .text._ZN4mbed10TimerEvent6removeEv
                0x000000000000231c        0xc ./mbed/TARGET_LPC1768/TOOLCHAIN_GCC_ARM/libmbed.a(TimerEvent.o)
                0x000000000000231c                mbed::TimerEvent::remove()
 .text.mbed_assert_internal
                0x0000000000002328       0x2c ./mbed/TARGET_LPC1768/TOOLCHAIN_GCC_ARM/libmbed.a(assert.o)
                0x0000000000002328                mbed_assert_internal
 .text.error    0x0000000000002354       0x24 ./mbed/TARGET_LPC1768/TOOLCHAIN_GCC_ARM/libmbed.a(error.o)
                0x0000000000002354                error
 .text.gpio_init_in
                0x0000000000002378       0x24 ./mbed/TARGET_LPC1768/TOOLCHAIN_GCC_ARM/libmbed.a(gpio.o)
                0x0000000000002378                gpio_init_in
 .text.gpio_init_out
                0x000000000000239c       0x44 ./mbed/TARGET_LPC1768/TOOLCHAIN_GCC_ARM/libmbed.a(gpio.o)
                0x000000000000239c                gpio_init_out
 .text.gpio_init_out_ex
                0x00000000000023e0       0x54 ./mbed/TARGET_LPC1768/TOOLCHAIN_GCC_ARM/libmbed.a(gpio.o)
                0x00000000000023e0                gpio_init_out_ex
 .text.mbed_interface_connected
                0x0000000000002434        0x4 ./mbed/TARGET_LPC1768/TOOLCHAIN_GCC_ARM/libmbed.a(mbed_interface.o)
                0x0000000000002434                mbed_interface_connected
 .text.pinmap_pinout
                0x0000000000002438       0x40 ./mbed/TARGET_LPC1768/TOOLCHAIN_GCC_ARM/libmbed.a(pinmap_common.o)
                0x0000000000002438                pinmap_pinout
 .text.pinmap_merge
                0x0000000000002478       0x24 ./mbed/TARGET_LPC1768/TOOLCHAIN_GCC_ARM/libmbed.a(pinmap_common.o)
                0x0000000000002478                pinmap_merge
 .text.pinmap_find_peripheral
                0x000000000000249c       0x1c ./mbed/TARGET_LPC1768/TOOLCHAIN_GCC_ARM/libmbed.a(pinmap_common.o)
                0x000000000000249c                pinmap_find_peripheral
 .text.pinmap_peripheral
                0x00000000000024b8       0x34 ./mbed/TARGET_LPC1768/TOOLCHAIN_GCC_ARM/libmbed.a(pinmap_common.o)
                0x00000000000024b8                pinmap_peripheral
 .text.semihost_exit
                0x00000000000024ec       0x18 ./mbed/TARGET_LPC1768/TOOLCHAIN_GCC_ARM/libmbed.a(semihost_api.o)
                0x00000000000024ec                semihost_exit
 .text.semihost_connected
                0x0000000000002504       0x10 ./mbed/TARGET_LPC1768/TOOLCHAIN_GCC_ARM/libmbed.a(semihost_api.o)
                0x0000000000002504                semihost_connected
 .text.ticker_set_handler
                0x0000000000002514       0x14 ./mbed/TARGET_LPC1768/TOOLCHAIN_GCC_ARM/libmbed.a(ticker_api.o)
                0x0000000000002514                ticker_set_handler
 .text.ticker_irq_handler
                0x0000000000002528       0x48 ./mbed/TARGET_LPC1768/TOOLCHAIN_GCC_ARM/libmbed.a(ticker_api.o)
                0x0000000000002528                ticker_irq_handler
 .text.ticker_insert_event
                0x0000000000002570       0x48 ./mbed/TARGET_LPC1768/TOOLCHAIN_GCC_ARM/libmbed.a(ticker_api.o)
                0x0000000000002570                ticker_insert_event
 .text.ticker_remove_event
                0x00000000000025b8       0x48 ./mbed/TARGET_LPC1768/TOOLCHAIN_GCC_ARM/libmbed.a(ticker_api.o)
                0x00000000000025b8                ticker_remove_event
 .text.ticker_read
                0x0000000000002600        0xc ./mbed/TARGET_LPC1768/TOOLCHAIN_GCC_ARM/libmbed.a(ticker_api.o)
                0x0000000000002600                ticker_read
 .text.get_us_ticker_data
                0x000000000000260c        0x8 ./mbed/TARGET_LPC1768/TOOLCHAIN_GCC_ARM/libmbed.a(us_ticker_api.o)
                0x000000000000260c                get_us_ticker_data
 .text.us_ticker_irq_handler
                0x0000000000002614        0xc ./mbed/TARGET_LPC1768/TOOLCHAIN_GCC_ARM/libmbed.a(us_ticker_api.o)
                0x0000000000002614                us_ticker_irq_handler
 .text.wait_us  0x0000000000002620       0x18 ./mbed/TARGET_LPC1768/TOOLCHAIN_GCC_ARM/libmbed.a(wait_api.o)
                0x0000000000002620                wait_us
 .text.wait_ms  0x0000000000002638        0xc ./mbed/TARGET_LPC1768/TOOLCHAIN_GCC_ARM/libmbed.a(wait_api.o)
                0x0000000000002638                wait_ms
 .text.gpio_set
                0x0000000000002644       0x30 ./mbed/TARGET_LPC1768/TOOLCHAIN_GCC_ARM/libmbed.a(gpio_api.o)
                0x0000000000002644                gpio_set
 .text.gpio_init
                0x0000000000002674       0x30 ./mbed/TARGET_LPC1768/TOOLCHAIN_GCC_ARM/libmbed.a(gpio_api.o)
                0x0000000000002674                gpio_init
 .text.gpio_mode
                0x00000000000026a4        0x8 ./mbed/TARGET_LPC1768/TOOLCHAIN_GCC_ARM/libmbed.a(gpio_api.o)
                0x00000000000026a4                gpio_mode
 .text.gpio_dir
                0x00000000000026ac       0x44 ./mbed/TARGET_LPC1768/TOOLCHAIN_GCC_ARM/libmbed.a(gpio_api.o)
                0x00000000000026ac                gpio_dir
 .text.handle_interrupt_in
                0x00000000000026f0      0x118 ./mbed/TARGET_LPC1768/TOOLCHAIN_GCC_ARM/libmbed.a(gpio_irq_api.o)
 .text.gpio_irq_init
                0x0000000000002808       0x70 ./mbed/TARGET_LPC1768/TOOLCHAIN_GCC_ARM/libmbed.a(gpio_irq_api.o)
                0x0000000000002808                gpio_irq_init
 .text.gpio_irq_free
                0x0000000000002878       0x10 ./mbed/TARGET_LPC1768/TOOLCHAIN_GCC_ARM/libmbed.a(gpio_irq_api.o)
                0x0000000000002878                gpio_irq_free
 .text.gpio_irq_set
                0x0000000000002888       0xd8 ./mbed/TARGET_LPC1768/TOOLCHAIN_GCC_ARM/libmbed.a(gpio_irq_api.o)
                0x0000000000002888                gpio_irq_set
 .text.pin_function
                0x0000000000002960       0x50 ./mbed/TARGET_LPC1768/TOOLCHAIN_GCC_ARM/libmbed.a(pinmap.o)
                0x0000000000002960                pin_function
 .text.pin_mode
                0x00000000000029b0       0x78 ./mbed/TARGET_LPC1768/TOOLCHAIN_GCC_ARM/libmbed.a(pinmap.o)
                0x00000000000029b0                pin_mode
 .text.us_ticker_init
                0x0000000000002a28       0x68 ./mbed/TARGET_LPC1768/TOOLCHAIN_GCC_ARM/libmbed.a(us_ticker.o)
                0x0000000000002a28                us_ticker_init
 .text.us_ticker_read
                0x0000000000002a90       0x1c ./mbed/TARGET_LPC1768/TOOLCHAIN_GCC_ARM/libmbed.a(us_ticker.o)
                0x0000000000002a90                us_ticker_read
 .text.us_ticker_set_interrupt
                0x0000000000002aac       0x14 ./mbed/TARGET_LPC1768/TOOLCHAIN_GCC_ARM/libmbed.a(us_ticker.o)
                0x0000000000002aac                us_ticker_set_interrupt
 .text.us_ticker_disable_interrupt
                0x0000000000002ac0       0x10 ./mbed/TARGET_LPC1768/TOOLCHAIN_GCC_ARM/libmbed.a(us_ticker.o)
                0x0000000000002ac0                us_ticker_disable_interrupt
 .text.us_ticker_clear_interrupt
                0x0000000000002ad0        0xc ./mbed/TARGET_LPC1768/TOOLCHAIN_GCC_ARM/libmbed.a(us_ticker.o)
                0x0000000000002ad0                us_ticker_clear_interrupt
 .text._ZN4mbed8FileBaseD2Ev
                0x0000000000002adc       0x30 ./mbed/TARGET_LPC1768/TOOLCHAIN_GCC_ARM/libmbed.a(FileBase.o)
                0x0000000000002adc                mbed::FileBase::~FileBase()
                0x0000000000002adc                mbed::FileBase::~FileBase()
 .text._ZN4mbed8FileBaseD0Ev
                0x0000000000002b0c       0x3c ./mbed/TARGET_LPC1768/TOOLCHAIN_GCC_ARM/libmbed.a(FileBase.o)
                0x0000000000002b0c                mbed::FileBase::~FileBase()
 .text._ZN4mbed8FileBaseC2EPKcNS_8PathTypeE
                0x0000000000002b48       0x28 ./mbed/TARGET_LPC1768/TOOLCHAIN_GCC_ARM/libmbed.a(FileBase.o)
                0x0000000000002b48                mbed::FileBase::FileBase(char const*, mbed::PathType)
                0x0000000000002b48                mbed::FileBase::FileBase(char const*, mbed::PathType)
 .text._ZN4mbed8FileBase6lookupEPKcj
                0x0000000000002b70       0x3c ./mbed/TARGET_LPC1768/TOOLCHAIN_GCC_ARM/libmbed.a(FileBase.o)
                0x0000000000002b70                mbed::FileBase::lookup(char const*, unsigned int)
 .text._ZN4mbed8FileBase11getPathTypeEv
                0x0000000000002bac        0x4 ./mbed/TARGET_LPC1768/TOOLCHAIN_GCC_ARM/libmbed.a(FileBase.o)
                0x0000000000002bac                mbed::FileBase::getPathType()
 .text._ZN4mbed8FileLikeD2Ev
                0x0000000000002bb0       0x24 ./mbed/TARGET_LPC1768/TOOLCHAIN_GCC_ARM/libmbed.a(FileLike.o)
                0x0000000000002bb0                mbed::FileLike::~FileLike()
                0x0000000000002bb0                mbed::FileLike::~FileLike()
 .text._ZThn4_N4mbed8FileLikeD1Ev
                0x0000000000002bd4        0x8 ./mbed/TARGET_LPC1768/TOOLCHAIN_GCC_ARM/libmbed.a(FileLike.o)
                0x0000000000002bd4                non-virtual thunk to mbed::FileLike::~FileLike()
 .text._ZN4mbed8FileLikeD0Ev
                0x0000000000002bdc       0x2c ./mbed/TARGET_LPC1768/TOOLCHAIN_GCC_ARM/libmbed.a(FileLike.o)
                0x0000000000002bdc                mbed::FileLike::~FileLike()
 .text._ZThn4_N4mbed8FileLikeD0Ev
                0x0000000000002c08        0x8 ./mbed/TARGET_LPC1768/TOOLCHAIN_GCC_ARM/libmbed.a(FileLike.o)
                0x0000000000002c08                non-virtual thunk to mbed::FileLike::~FileLike()
 .text._ZN4mbed8FileLikeC2EPKc
                0x0000000000002c10       0x28 ./mbed/TARGET_LPC1768/TOOLCHAIN_GCC_ARM/libmbed.a(FileLike.o)
                0x0000000000002c10                mbed::FileLike::FileLike(char const*)
                0x0000000000002c10                mbed::FileLike::FileLike(char const*)
 .text.__aeabi_atexit
                0x0000000000002c38        0xa /usr/local/gcc-arm-none-eabi-4_9-2015q2/bin/../lib/gcc/arm-none-eabi/4.9.3/../../../../arm-none-eabi/lib/armv7-m/libstdc++_nano.a(atexit_arm.o)
                0x0000000000002c38                __aeabi_atexit
 .text._ZdlPv   0x0000000000002c42        0x4 /usr/local/gcc-arm-none-eabi-4_9-2015q2/bin/../lib/gcc/arm-none-eabi/4.9.3/../../../../arm-none-eabi/lib/armv7-m/libstdc++_nano.a(del_op.o)
                0x0000000000002c42                operator delete(void*)
 *fill*         0x0000000000002c46        0x2 
 .text.cos      0x0000000000002c48       0x90 /usr/local/gcc-arm-none-eabi-4_9-2015q2/bin/../lib/gcc/arm-none-eabi/4.9.3/../../../../arm-none-eabi/lib/armv7-m/libm.a(lib_a-s_cos.o)
                0x0000000000002c48                cos
 .text.rint     0x0000000000002cd8      0x11c /usr/local/gcc-arm-none-eabi-4_9-2015q2/bin/../lib/gcc/arm-none-eabi/4.9.3/../../../../arm-none-eabi/lib/armv7-m/libm.a(lib_a-s_rint.o)
                0x0000000000002cd8                rint
 .text.sin      0x0000000000002df4       0x94 /usr/local/gcc-arm-none-eabi-4_9-2015q2/bin/../lib/gcc/arm-none-eabi/4.9.3/../../../../arm-none-eabi/lib/armv7-m/libm.a(lib_a-s_sin.o)
                0x0000000000002df4                sin
 .text.atan2    0x0000000000002e88        0x4 /usr/local/gcc-arm-none-eabi-4_9-2015q2/bin/../lib/gcc/arm-none-eabi/4.9.3/../../../../arm-none-eabi/lib/armv7-m/libm.a(lib_a-w_atan2.o)
                0x0000000000002e88                atan2
 .text.sqrt     0x0000000000002e8c       0xac /usr/local/gcc-arm-none-eabi-4_9-2015q2/bin/../lib/gcc/arm-none-eabi/4.9.3/../../../../arm-none-eabi/lib/armv7-m/libm.a(lib_a-w_sqrt.o)
                0x0000000000002e8c                sqrt
 .text.__ieee754_atan2
                0x0000000000002f38      0x1b4 /usr/local/gcc-arm-none-eabi-4_9-2015q2/bin/../lib/gcc/arm-none-eabi/4.9.3/../../../../arm-none-eabi/lib/armv7-m/libm.a(lib_a-e_atan2.o)
                0x0000000000002f38                __ieee754_atan2
 *fill*         0x00000000000030ec        0x4 
 .text.__ieee754_rem_pio2
                0x00000000000030f0      0x424 /usr/local/gcc-arm-none-eabi-4_9-2015q2/bin/../lib/gcc/arm-none-eabi/4.9.3/../../../../arm-none-eabi/lib/armv7-m/libm.a(lib_a-e_rem_pio2.o)
                0x00000000000030f0                __ieee754_rem_pio2
 .text.__ieee754_sqrt
                0x0000000000003514      0x18c /usr/local/gcc-arm-none-eabi-4_9-2015q2/bin/../lib/gcc/arm-none-eabi/4.9.3/../../../../arm-none-eabi/lib/armv7-m/libm.a(lib_a-e_sqrt.o)
                0x0000000000003514                __ieee754_sqrt
 .text.__kernel_cos
                0x00000000000036a0      0x248 /usr/local/gcc-arm-none-eabi-4_9-2015q2/bin/../lib/gcc/arm-none-eabi/4.9.3/../../../../arm-none-eabi/lib/armv7-m/libm.a(lib_a-k_cos.o)
                0x00000000000036a0                __kernel_cos
 .text.__kernel_rem_pio2
                0x00000000000038e8      0x808 /usr/local/gcc-arm-none-eabi-4_9-2015q2/bin/../lib/gcc/arm-none-eabi/4.9.3/../../../../arm-none-eabi/lib/armv7-m/libm.a(lib_a-k_rem_pio2.o)
                0x00000000000038e8                __kernel_rem_pio2
 .text.__kernel_sin
                0x00000000000040f0      0x16c /usr/local/gcc-arm-none-eabi-4_9-2015q2/bin/../lib/gcc/arm-none-eabi/4.9.3/../../../../arm-none-eabi/lib/armv7-m/libm.a(lib_a-k_sin.o)
                0x00000000000040f0                __kernel_sin
 *fill*         0x000000000000425c        0x4 
 .text.atan     0x0000000000004260      0x334 /usr/local/gcc-arm-none-eabi-4_9-2015q2/bin/../lib/gcc/arm-none-eabi/4.9.3/../../../../arm-none-eabi/lib/armv7-m/libm.a(lib_a-s_atan.o)
                0x0000000000004260                atan
 .text.fabs     0x0000000000004594        0x8 /usr/local/gcc-arm-none-eabi-4_9-2015q2/bin/../lib/gcc/arm-none-eabi/4.9.3/../../../../arm-none-eabi/lib/armv7-m/libm.a(lib_a-s_fabs.o)
                0x0000000000004594                fabs
 *fill*         0x000000000000459c        0x4 
 .text.floor    0x00000000000045a0      0x118 /usr/local/gcc-arm-none-eabi-4_9-2015q2/bin/../lib/gcc/arm-none-eabi/4.9.3/../../../../arm-none-eabi/lib/armv7-m/libm.a(lib_a-s_floor.o)
                0x00000000000045a0                floor
 .text.__fpclassifyd
                0x00000000000046b8       0x58 /usr/local/gcc-arm-none-eabi-4_9-2015q2/bin/../lib/gcc/arm-none-eabi/4.9.3/../../../../arm-none-eabi/lib/armv7-m/libm.a(lib_a-s_fpclassify.o)
                0x00000000000046b8                __fpclassifyd
 .text.matherr  0x0000000000004710        0x4 /usr/local/gcc-arm-none-eabi-4_9-2015q2/bin/../lib/gcc/arm-none-eabi/4.9.3/../../../../arm-none-eabi/lib/armv7-m/libm.a(lib_a-s_matherr.o)
                0x0000000000004710                matherr
 *fill*         0x0000000000004714        0x4 
 .text.scalbn   0x0000000000004718       0xec /usr/local/gcc-arm-none-eabi-4_9-2015q2/bin/../lib/gcc/arm-none-eabi/4.9.3/../../../../arm-none-eabi/lib/armv7-m/libm.a(lib_a-s_scalbn.o)
                0x0000000000004718                scalbn
 .text.copysign
                0x0000000000004804       0x10 /usr/local/gcc-arm-none-eabi-4_9-2015q2/bin/../lib/gcc/arm-none-eabi/4.9.3/../../../../arm-none-eabi/lib/armv7-m/libm.a(lib_a-s_copysign.o)
                0x0000000000004804                copysign
 .text.abs      0x0000000000004814        0x8 /usr/local/gcc-arm-none-eabi-4_9-2015q2/bin/../lib/gcc/arm-none-eabi/4.9.3/../../../../arm-none-eabi/lib/armv7-m/libc_nano.a(lib_a-abs.o)
                0x0000000000004814                abs
 .text.__cxa_atexit
                0x000000000000481c       0x1c /usr/local/gcc-arm-none-eabi-4_9-2015q2/bin/../lib/gcc/arm-none-eabi/4.9.3/../../../../arm-none-eabi/lib/armv7-m/libc_nano.a(lib_a-cxa_atexit.o)
                0x000000000000481c                __cxa_atexit
 .text.__errno  0x0000000000004838        0xc /usr/local/gcc-arm-none-eabi-4_9-2015q2/bin/../lib/gcc/arm-none-eabi/4.9.3/../../../../arm-none-eabi/lib/armv7-m/libc_nano.a(lib_a-errno.o)
                0x0000000000004838                __errno
 .text.exit     0x0000000000004844       0x28 /usr/local/gcc-arm-none-eabi-4_9-2015q2/bin/../lib/gcc/arm-none-eabi/4.9.3/../../../../arm-none-eabi/lib/armv7-m/libc_nano.a(lib_a-exit.o)
                0x0000000000004844                exit
 .text._fclose_r
                0x000000000000486c       0xa4 /usr/local/gcc-arm-none-eabi-4_9-2015q2/bin/../lib/gcc/arm-none-eabi/4.9.3/../../../../arm-none-eabi/lib/armv7-m/libc_nano.a(lib_a-fclose.o)
                0x000000000000486c                _fclose_r
 .text.fclose   0x0000000000004910       0x10 /usr/local/gcc-arm-none-eabi-4_9-2015q2/bin/../lib/gcc/arm-none-eabi/4.9.3/../../../../arm-none-eabi/lib/armv7-m/libc_nano.a(lib_a-fclose.o)
                0x0000000000004910                fclose
 .text.__sflush_r
                0x0000000000004920      0x106 /usr/local/gcc-arm-none-eabi-4_9-2015q2/bin/../lib/gcc/arm-none-eabi/4.9.3/../../../../arm-none-eabi/lib/armv7-m/libc_nano.a(lib_a-fflush.o)
                0x0000000000004920                __sflush_r
 *fill*         0x0000000000004a26        0x2 
 .text._fflush_r
                0x0000000000004a28       0x54 /usr/local/gcc-arm-none-eabi-4_9-2015q2/bin/../lib/gcc/arm-none-eabi/4.9.3/../../../../arm-none-eabi/lib/armv7-m/libc_nano.a(lib_a-fflush.o)
                0x0000000000004a28                _fflush_r
 .text.fflush   0x0000000000004a7c       0x24 /usr/local/gcc-arm-none-eabi-4_9-2015q2/bin/../lib/gcc/arm-none-eabi/4.9.3/../../../../arm-none-eabi/lib/armv7-m/libc_nano.a(lib_a-fflush.o)
                0x0000000000004a7c                fflush
 .text._fgetc_r
                0x0000000000004aa0       0x58 /usr/local/gcc-arm-none-eabi-4_9-2015q2/bin/../lib/gcc/arm-none-eabi/4.9.3/../../../../arm-none-eabi/lib/armv7-m/libc_nano.a(lib_a-fgetc.o)
                0x0000000000004aa0                _fgetc_r
 .text.fgetc    0x0000000000004af8       0x10 /usr/local/gcc-arm-none-eabi-4_9-2015q2/bin/../lib/gcc/arm-none-eabi/4.9.3/../../../../arm-none-eabi/lib/armv7-m/libc_nano.a(lib_a-fgetc.o)
                0x0000000000004af8                fgetc
 .text._cleanup_r
                0x0000000000004b08        0xc /usr/local/gcc-arm-none-eabi-4_9-2015q2/bin/../lib/gcc/arm-none-eabi/4.9.3/../../../../arm-none-eabi/lib/armv7-m/libc_nano.a(lib_a-findfp.o)
                0x0000000000004b08                _cleanup_r
 .text.std.isra.0
                0x0000000000004b14       0x48 /usr/local/gcc-arm-none-eabi-4_9-2015q2/bin/../lib/gcc/arm-none-eabi/4.9.3/../../../../arm-none-eabi/lib/armv7-m/libc_nano.a(lib_a-findfp.o)
 .text.__sfmoreglue
                0x0000000000004b5c       0x2c /usr/local/gcc-arm-none-eabi-4_9-2015q2/bin/../lib/gcc/arm-none-eabi/4.9.3/../../../../arm-none-eabi/lib/armv7-m/libc_nano.a(lib_a-findfp.o)
                0x0000000000004b5c                __sfmoreglue
 .text.__sinit  0x0000000000004b88       0x60 /usr/local/gcc-arm-none-eabi-4_9-2015q2/bin/../lib/gcc/arm-none-eabi/4.9.3/../../../../arm-none-eabi/lib/armv7-m/libc_nano.a(lib_a-findfp.o)
                0x0000000000004b88                __sinit
 .text.__sfp    0x0000000000004be8       0x74 /usr/local/gcc-arm-none-eabi-4_9-2015q2/bin/../lib/gcc/arm-none-eabi/4.9.3/../../../../arm-none-eabi/lib/armv7-m/libc_nano.a(lib_a-findfp.o)
                0x0000000000004be8                __sfp
 .text.__sfp_lock_acquire
                0x0000000000004c5c        0x2 /usr/local/gcc-arm-none-eabi-4_9-2015q2/bin/../lib/gcc/arm-none-eabi/4.9.3/../../../../arm-none-eabi/lib/armv7-m/libc_nano.a(lib_a-findfp.o)
                0x0000000000004c5c                __sfp_lock_acquire
 .text.__sfp_lock_release
                0x0000000000004c5e        0x2 /usr/local/gcc-arm-none-eabi-4_9-2015q2/bin/../lib/gcc/arm-none-eabi/4.9.3/../../../../arm-none-eabi/lib/armv7-m/libc_nano.a(lib_a-findfp.o)
                0x0000000000004c5e                __sfp_lock_release
 .text._fopen_r
                0x0000000000004c60       0x80 /usr/local/gcc-arm-none-eabi-4_9-2015q2/bin/../lib/gcc/arm-none-eabi/4.9.3/../../../../arm-none-eabi/lib/armv7-m/libc_nano.a(lib_a-fopen.o)
                0x0000000000004c60                _fopen_r
 .text.fopen    0x0000000000004ce0       0x14 /usr/local/gcc-arm-none-eabi-4_9-2015q2/bin/../lib/gcc/arm-none-eabi/4.9.3/../../../../arm-none-eabi/lib/armv7-m/libc_nano.a(lib_a-fopen.o)
                0x0000000000004ce0                fopen
 .text.fprintf  0x0000000000004cf4       0x24 /usr/local/gcc-arm-none-eabi-4_9-2015q2/bin/../lib/gcc/arm-none-eabi/4.9.3/../../../../arm-none-eabi/lib/armv7-m/libc_nano.a(lib_a-fprintf.o)
                0x0000000000004cf4                fprintf
                0x0000000000004cf4                fiprintf
 .text._fseek_r
                0x0000000000004d18        0x4 /usr/local/gcc-arm-none-eabi-4_9-2015q2/bin/../lib/gcc/arm-none-eabi/4.9.3/../../../../arm-none-eabi/lib/armv7-m/libc_nano.a(lib_a-fseek.o)
                0x0000000000004d18                _fseek_r
 .text._fseeko_r
                0x0000000000004d1c      0x118 /usr/local/gcc-arm-none-eabi-4_9-2015q2/bin/../lib/gcc/arm-none-eabi/4.9.3/../../../../arm-none-eabi/lib/armv7-m/libc_nano.a(lib_a-fseeko.o)
                0x0000000000004d1c                _fseeko_r
 .text._fwalk   0x0000000000004e34       0x38 /usr/local/gcc-arm-none-eabi-4_9-2015q2/bin/../lib/gcc/arm-none-eabi/4.9.3/../../../../arm-none-eabi/lib/armv7-m/libc_nano.a(lib_a-fwalk.o)
                0x0000000000004e34                _fwalk
 .text._fwalk_reent
                0x0000000000004e6c       0x3c /usr/local/gcc-arm-none-eabi-4_9-2015q2/bin/../lib/gcc/arm-none-eabi/4.9.3/../../../../arm-none-eabi/lib/armv7-m/libc_nano.a(lib_a-fwalk.o)
                0x0000000000004e6c                _fwalk_reent
 .text.__libc_init_array
                0x0000000000004ea8       0x4c /usr/local/gcc-arm-none-eabi-4_9-2015q2/bin/../lib/gcc/arm-none-eabi/4.9.3/../../../../arm-none-eabi/lib/armv7-m/libc_nano.a(lib_a-init.o)
                0x0000000000004ea8                __libc_init_array
 .text.__smakebuf_r
                0x0000000000004ef4       0x98 /usr/local/gcc-arm-none-eabi-4_9-2015q2/bin/../lib/gcc/arm-none-eabi/4.9.3/../../../../arm-none-eabi/lib/armv7-m/libc_nano.a(lib_a-makebuf.o)
                0x0000000000004ef4                __smakebuf_r
 .text.malloc   0x0000000000004f8c       0x10 /usr/local/gcc-arm-none-eabi-4_9-2015q2/bin/../lib/gcc/arm-none-eabi/4.9.3/../../../../arm-none-eabi/lib/armv7-m/libc_nano.a(lib_a-malloc.o)
                0x0000000000004f8c                malloc
 .text.free     0x0000000000004f9c       0x10 /usr/local/gcc-arm-none-eabi-4_9-2015q2/bin/../lib/gcc/arm-none-eabi/4.9.3/../../../../arm-none-eabi/lib/armv7-m/libc_nano.a(lib_a-malloc.o)
                0x0000000000004f9c                free
 .text.memchr   0x0000000000004fac       0x1c /usr/local/gcc-arm-none-eabi-4_9-2015q2/bin/../lib/gcc/arm-none-eabi/4.9.3/../../../../arm-none-eabi/lib/armv7-m/libc_nano.a(lib_a-memchr.o)
                0x0000000000004fac                memchr
 .text.memcpy   0x0000000000004fc8       0x16 /usr/local/gcc-arm-none-eabi-4_9-2015q2/bin/../lib/gcc/arm-none-eabi/4.9.3/../../../../arm-none-eabi/lib/armv7-m/libc_nano.a(lib_a-memcpy.o)
                0x0000000000004fc8                memcpy
 .text.memset   0x0000000000004fde       0x10 /usr/local/gcc-arm-none-eabi-4_9-2015q2/bin/../lib/gcc/arm-none-eabi/4.9.3/../../../../arm-none-eabi/lib/armv7-m/libc_nano.a(lib_a-memset.o)
                0x0000000000004fde                memset
 *fill*         0x0000000000004fee        0x2 
 .text._free_r  0x0000000000004ff0       0x88 /usr/local/gcc-arm-none-eabi-4_9-2015q2/bin/../lib/gcc/arm-none-eabi/4.9.3/../../../../arm-none-eabi/lib/armv7-m/libc_nano.a(lib_a-nano-freer.o)
                0x0000000000004ff0                _free_r
 .text._malloc_r
                0x0000000000005078       0xac /usr/local/gcc-arm-none-eabi-4_9-2015q2/bin/../lib/gcc/arm-none-eabi/4.9.3/../../../../arm-none-eabi/lib/armv7-m/libc_nano.a(lib_a-nano-mallocr.o)
                0x0000000000005078                _malloc_r
 .text.__sfputc_r
                0x0000000000005124       0x2c /usr/local/gcc-arm-none-eabi-4_9-2015q2/bin/../lib/gcc/arm-none-eabi/4.9.3/../../../../arm-none-eabi/lib/armv7-m/libc_nano.a(lib_a-nano-vfprintf.o)
 .text.__sfputs_r
                0x0000000000005150       0x24 /usr/local/gcc-arm-none-eabi-4_9-2015q2/bin/../lib/gcc/arm-none-eabi/4.9.3/../../../../arm-none-eabi/lib/armv7-m/libc_nano.a(lib_a-nano-vfprintf.o)
                0x0000000000005150                __sfputs_r
 .text._vfprintf_r
                0x0000000000005174      0x210 /usr/local/gcc-arm-none-eabi-4_9-2015q2/bin/../lib/gcc/arm-none-eabi/4.9.3/../../../../arm-none-eabi/lib/armv7-m/libc_nano.a(lib_a-nano-vfprintf.o)
                0x0000000000005174                _vfiprintf_r
                0x0000000000005174                _vfprintf_r
 .text.vfprintf
                0x0000000000005384       0x1c /usr/local/gcc-arm-none-eabi-4_9-2015q2/bin/../lib/gcc/arm-none-eabi/4.9.3/../../../../arm-none-eabi/lib/armv7-m/libc_nano.a(lib_a-nano-vfprintf.o)
                0x0000000000005384                vfiprintf
                0x0000000000005384                vfprintf
 .text.__cvt    0x00000000000053a0       0xbc /usr/local/gcc-arm-none-eabi-4_9-2015q2/bin/../lib/gcc/arm-none-eabi/4.9.3/../../../../arm-none-eabi/lib/armv7-m/libc_nano.a(lib_a-nano-vfprintf_float.o)
                0x00000000000053a0                __cvt
 .text.__exponent
                0x000000000000545c       0x62 /usr/local/gcc-arm-none-eabi-4_9-2015q2/bin/../lib/gcc/arm-none-eabi/4.9.3/../../../../arm-none-eabi/lib/armv7-m/libc_nano.a(lib_a-nano-vfprintf_float.o)
                0x000000000000545c                __exponent
 *fill*         0x00000000000054be        0x2 
 .text._printf_float
                0x00000000000054c0      0x48c /usr/local/gcc-arm-none-eabi-4_9-2015q2/bin/../lib/gcc/arm-none-eabi/4.9.3/../../../../arm-none-eabi/lib/armv7-m/libc_nano.a(lib_a-nano-vfprintf_float.o)
                0x00000000000054c0                _printf_float
 .text._printf_common
                0x000000000000594c       0xea /usr/local/gcc-arm-none-eabi-4_9-2015q2/bin/../lib/gcc/arm-none-eabi/4.9.3/../../../../arm-none-eabi/lib/armv7-m/libc_nano.a(lib_a-nano-vfprintf_i.o)
                0x000000000000594c                _printf_common
 *fill*         0x0000000000005a36        0x2 
 .text._printf_i
                0x0000000000005a38      0x240 /usr/local/gcc-arm-none-eabi-4_9-2015q2/bin/../lib/gcc/arm-none-eabi/4.9.3/../../../../arm-none-eabi/lib/armv7-m/libc_nano.a(lib_a-nano-vfprintf_i.o)
                0x0000000000005a38                _printf_i
 .text._scanf_float
                0x0000000000005c78      0x3cc /usr/local/gcc-arm-none-eabi-4_9-2015q2/bin/../lib/gcc/arm-none-eabi/4.9.3/../../../../arm-none-eabi/lib/armv7-m/libc_nano.a(lib_a-nano-vfscanf_float.o)
                0x0000000000005c78                _scanf_float
 .text._scanf_chars
                0x0000000000006044       0xbc /usr/local/gcc-arm-none-eabi-4_9-2015q2/bin/../lib/gcc/arm-none-eabi/4.9.3/../../../../arm-none-eabi/lib/armv7-m/libc_nano.a(lib_a-nano-vfscanf_i.o)
                0x0000000000006044                _scanf_chars
 .text._scanf_i
                0x0000000000006100      0x1e4 /usr/local/gcc-arm-none-eabi-4_9-2015q2/bin/../lib/gcc/arm-none-eabi/4.9.3/../../../../arm-none-eabi/lib/armv7-m/libc_nano.a(lib_a-nano-vfscanf_i.o)
                0x0000000000006100                _scanf_i
 .text._open_r  0x00000000000062e4       0x24 /usr/local/gcc-arm-none-eabi-4_9-2015q2/bin/../lib/gcc/arm-none-eabi/4.9.3/../../../../arm-none-eabi/lib/armv7-m/libc_nano.a(lib_a-openr.o)
                0x00000000000062e4                _open_r
 .text.lflush   0x0000000000006308       0x12 /usr/local/gcc-arm-none-eabi-4_9-2015q2/bin/../lib/gcc/arm-none-eabi/4.9.3/../../../../arm-none-eabi/lib/armv7-m/libc_nano.a(lib_a-refill.o)
 *fill*         0x000000000000631a        0x2 
 .text.__srefill_r
                0x000000000000631c      0x10c /usr/local/gcc-arm-none-eabi-4_9-2015q2/bin/../lib/gcc/arm-none-eabi/4.9.3/../../../../arm-none-eabi/lib/armv7-m/libc_nano.a(lib_a-refill.o)
                0x000000000000631c                __srefill_r
 .text.__srget_r
                0x0000000000006428       0x58 /usr/local/gcc-arm-none-eabi-4_9-2015q2/bin/../lib/gcc/arm-none-eabi/4.9.3/../../../../arm-none-eabi/lib/armv7-m/libc_nano.a(lib_a-rget.o)
                0x0000000000006428                __srget_r
 .text._sbrk_r  0x0000000000006480       0x20 /usr/local/gcc-arm-none-eabi-4_9-2015q2/bin/../lib/gcc/arm-none-eabi/4.9.3/../../../../arm-none-eabi/lib/armv7-m/libc_nano.a(lib_a-sbrkr.o)
                0x0000000000006480                _sbrk_r
 .text.__sccl   0x00000000000064a0       0x62 /usr/local/gcc-arm-none-eabi-4_9-2015q2/bin/../lib/gcc/arm-none-eabi/4.9.3/../../../../arm-none-eabi/lib/armv7-m/libc_nano.a(lib_a-sccl.o)
                0x00000000000064a0                __sccl
 .text.setbuf   0x0000000000006502       0x10 /usr/local/gcc-arm-none-eabi-4_9-2015q2/bin/../lib/gcc/arm-none-eabi/4.9.3/../../../../arm-none-eabi/lib/armv7-m/libc_nano.a(lib_a-setbuf.o)
                0x0000000000006502                setbuf
 *fill*         0x0000000000006512        0x2 
 .text.setvbuf  0x0000000000006514      0x110 /usr/local/gcc-arm-none-eabi-4_9-2015q2/bin/../lib/gcc/arm-none-eabi/4.9.3/../../../../arm-none-eabi/lib/armv7-m/libc_nano.a(lib_a-setvbuf.o)
                0x0000000000006514                setvbuf
 .text.nanf     0x0000000000006624        0x8 /usr/local/gcc-arm-none-eabi-4_9-2015q2/bin/../lib/gcc/arm-none-eabi/4.9.3/../../../../arm-none-eabi/lib/armv7-m/libc_nano.a(lib_a-sf_nan.o)
                0x0000000000006624                nanf
 .text.sprintf  0x000000000000662c       0x48 /usr/local/gcc-arm-none-eabi-4_9-2015q2/bin/../lib/gcc/arm-none-eabi/4.9.3/../../../../arm-none-eabi/lib/armv7-m/libc_nano.a(lib_a-sprintf.o)
                0x000000000000662c                sprintf
                0x000000000000662c                siprintf
 .text.sscanf   0x0000000000006674       0x54 /usr/local/gcc-arm-none-eabi-4_9-2015q2/bin/../lib/gcc/arm-none-eabi/4.9.3/../../../../arm-none-eabi/lib/armv7-m/libc_nano.a(lib_a-sscanf.o)
                0x0000000000006674                sscanf
                0x0000000000006674                siscanf
 .text.__sread  0x00000000000066c8       0x22 /usr/local/gcc-arm-none-eabi-4_9-2015q2/bin/../lib/gcc/arm-none-eabi/4.9.3/../../../../arm-none-eabi/lib/armv7-m/libc_nano.a(lib_a-stdio.o)
                0x00000000000066c8                __sread
 .text.__seofread
                0x00000000000066ea        0x4 /usr/local/gcc-arm-none-eabi-4_9-2015q2/bin/../lib/gcc/arm-none-eabi/4.9.3/../../../../arm-none-eabi/lib/armv7-m/libc_nano.a(lib_a-stdio.o)
                0x00000000000066ea                __seofread
 .text.__swrite
                0x00000000000066ee       0x38 /usr/local/gcc-arm-none-eabi-4_9-2015q2/bin/../lib/gcc/arm-none-eabi/4.9.3/../../../../arm-none-eabi/lib/armv7-m/libc_nano.a(lib_a-stdio.o)
                0x00000000000066ee                __swrite
 .text.__sseek  0x0000000000006726       0x24 /usr/local/gcc-arm-none-eabi-4_9-2015q2/bin/../lib/gcc/arm-none-eabi/4.9.3/../../../../arm-none-eabi/lib/armv7-m/libc_nano.a(lib_a-stdio.o)
                0x0000000000006726                __sseek
 .text.__sclose
                0x000000000000674a        0x8 /usr/local/gcc-arm-none-eabi-4_9-2015q2/bin/../lib/gcc/arm-none-eabi/4.9.3/../../../../arm-none-eabi/lib/armv7-m/libc_nano.a(lib_a-stdio.o)
                0x000000000000674a                __sclose
 .text          0x0000000000006752       0x14 /usr/local/gcc-arm-none-eabi-4_9-2015q2/bin/../lib/gcc/arm-none-eabi/4.9.3/../../../../arm-none-eabi/lib/armv7-m/libc_nano.a(lib_a-strcmp.o)
                0x0000000000006752                strcmp
 .text.strlen   0x0000000000006766       0x10 /usr/local/gcc-arm-none-eabi-4_9-2015q2/bin/../lib/gcc/arm-none-eabi/4.9.3/../../../../arm-none-eabi/lib/armv7-m/libc_nano.a(lib_a-strlen.o)
                0x0000000000006766                strlen
 .text.strncmp  0x0000000000006776       0x32 /usr/local/gcc-arm-none-eabi-4_9-2015q2/bin/../lib/gcc/arm-none-eabi/4.9.3/../../../../arm-none-eabi/lib/armv7-m/libc_nano.a(lib_a-strncmp.o)
                0x0000000000006776                strncmp
 .text.match    0x00000000000067a8       0x26 /usr/local/gcc-arm-none-eabi-4_9-2015q2/bin/../lib/gcc/arm-none-eabi/4.9.3/../../../../arm-none-eabi/lib/armv7-m/libc_nano.a(lib_a-strtod.o)
 .text.sulp     0x00000000000067ce       0x42 /usr/local/gcc-arm-none-eabi-4_9-2015q2/bin/../lib/gcc/arm-none-eabi/4.9.3/../../../../arm-none-eabi/lib/armv7-m/libc_nano.a(lib_a-strtod.o)
 .text._strtod_r
                0x0000000000006810      0xc3c /usr/local/gcc-arm-none-eabi-4_9-2015q2/bin/../lib/gcc/arm-none-eabi/4.9.3/../../../../arm-none-eabi/lib/armv7-m/libc_nano.a(lib_a-strtod.o)
                0x0000000000006810                _strtod_r
 .text._strtol_r
                0x000000000000744c      0x10c /usr/local/gcc-arm-none-eabi-4_9-2015q2/bin/../lib/gcc/arm-none-eabi/4.9.3/../../../../arm-none-eabi/lib/armv7-m/libc_nano.a(lib_a-strtol.o)
                0x000000000000744c                _strtol_r
 .text._strtoul_r
                0x0000000000007558       0xf8 /usr/local/gcc-arm-none-eabi-4_9-2015q2/bin/../lib/gcc/arm-none-eabi/4.9.3/../../../../arm-none-eabi/lib/armv7-m/libc_nano.a(lib_a-strtoul.o)
                0x0000000000007558                _strtoul_r
 .text.__submore
                0x0000000000007650       0x72 /usr/local/gcc-arm-none-eabi-4_9-2015q2/bin/../lib/gcc/arm-none-eabi/4.9.3/../../../../arm-none-eabi/lib/armv7-m/libc_nano.a(lib_a-ungetc.o)
                0x0000000000007650                __submore
 *fill*         0x00000000000076c2        0x2 
 .text.__swbuf_r
                0x00000000000076c4       0xa8 /usr/local/gcc-arm-none-eabi-4_9-2015q2/bin/../lib/gcc/arm-none-eabi/4.9.3/../../../../arm-none-eabi/lib/armv7-m/libc_nano.a(lib_a-wbuf.o)
                0x00000000000076c4                __swbuf_r
 .text._write_r
                0x000000000000776c       0x24 /usr/local/gcc-arm-none-eabi-4_9-2015q2/bin/../lib/gcc/arm-none-eabi/4.9.3/../../../../arm-none-eabi/lib/armv7-m/libc_nano.a(lib_a-writer.o)
                0x000000000000776c                _write_r
 .text.__swsetup_r
                0x0000000000007790       0xd8 /usr/local/gcc-arm-none-eabi-4_9-2015q2/bin/../lib/gcc/arm-none-eabi/4.9.3/../../../../arm-none-eabi/lib/armv7-m/libc_nano.a(lib_a-wsetup.o)
                0x0000000000007790                __swsetup_r
 .text._close_r
                0x0000000000007868       0x20 /usr/local/gcc-arm-none-eabi-4_9-2015q2/bin/../lib/gcc/arm-none-eabi/4.9.3/../../../../arm-none-eabi/lib/armv7-m/libc_nano.a(lib_a-closer.o)
                0x0000000000007868                _close_r
 .text.quorem   0x0000000000007888      0x114 /usr/local/gcc-arm-none-eabi-4_9-2015q2/bin/../lib/gcc/arm-none-eabi/4.9.3/../../../../arm-none-eabi/lib/armv7-m/libc_nano.a(lib_a-dtoa.o)
 *fill*         0x000000000000799c        0x4 
 .text._dtoa_r  0x00000000000079a0      0xb74 /usr/local/gcc-arm-none-eabi-4_9-2015q2/bin/../lib/gcc/arm-none-eabi/4.9.3/../../../../arm-none-eabi/lib/armv7-m/libc_nano.a(lib_a-dtoa.o)
                0x00000000000079a0                _dtoa_r
 .text.__sflags
                0x0000000000008514       0x6e /usr/local/gcc-arm-none-eabi-4_9-2015q2/bin/../lib/gcc/arm-none-eabi/4.9.3/../../../../arm-none-eabi/lib/armv7-m/libc_nano.a(lib_a-flags.o)
                0x0000000000008514                __sflags
 *fill*         0x0000000000008582        0x2 
 .text._fstat_r
                0x0000000000008584       0x24 /usr/local/gcc-arm-none-eabi-4_9-2015q2/bin/../lib/gcc/arm-none-eabi/4.9.3/../../../../arm-none-eabi/lib/armv7-m/libc_nano.a(lib_a-fstatr.o)
                0x0000000000008584                _fstat_r
 .text.rshift   0x00000000000085a8       0x6c /usr/local/gcc-arm-none-eabi-4_9-2015q2/bin/../lib/gcc/arm-none-eabi/4.9.3/../../../../arm-none-eabi/lib/armv7-m/libc_nano.a(lib_a-gdtoa-gethex.o)
 .text.__hexdig_fun
                0x0000000000008614       0x2a /usr/local/gcc-arm-none-eabi-4_9-2015q2/bin/../lib/gcc/arm-none-eabi/4.9.3/../../../../arm-none-eabi/lib/armv7-m/libc_nano.a(lib_a-gdtoa-gethex.o)
                0x0000000000008614                __hexdig_fun
 .text.__gethex
                0x000000000000863e      0x44a /usr/local/gcc-arm-none-eabi-4_9-2015q2/bin/../lib/gcc/arm-none-eabi/4.9.3/../../../../arm-none-eabi/lib/armv7-m/libc_nano.a(lib_a-gdtoa-gethex.o)
                0x000000000000863e                __gethex
 .text.L_shift  0x0000000000008a88       0x24 /usr/local/gcc-arm-none-eabi-4_9-2015q2/bin/../lib/gcc/arm-none-eabi/4.9.3/../../../../arm-none-eabi/lib/armv7-m/libc_nano.a(lib_a-gdtoa-hexnan.o)
 .text.__hexnan
                0x0000000000008aac      0x114 /usr/local/gcc-arm-none-eabi-4_9-2015q2/bin/../lib/gcc/arm-none-eabi/4.9.3/../../../../arm-none-eabi/lib/armv7-m/libc_nano.a(lib_a-gdtoa-hexnan.o)
                0x0000000000008aac                __hexnan
 .text._isatty_r
                0x0000000000008bc0       0x20 /usr/local/gcc-arm-none-eabi-4_9-2015q2/bin/../lib/gcc/arm-none-eabi/4.9.3/../../../../arm-none-eabi/lib/armv7-m/libc_nano.a(lib_a-isattyr.o)
                0x0000000000008bc0                _isatty_r
 .text._localeconv_r
                0x0000000000008be0        0x8 /usr/local/gcc-arm-none-eabi-4_9-2015q2/bin/../lib/gcc/arm-none-eabi/4.9.3/../../../../arm-none-eabi/lib/armv7-m/libc_nano.a(lib_a-locale.o)
                0x0000000000008be0                _localeconv_r
 .text._lseek_r
                0x0000000000008be8       0x24 /usr/local/gcc-arm-none-eabi-4_9-2015q2/bin/../lib/gcc/arm-none-eabi/4.9.3/../../../../arm-none-eabi/lib/armv7-m/libc_nano.a(lib_a-lseekr.o)
                0x0000000000008be8                _lseek_r
 .text.memmove  0x0000000000008c0c       0x36 /usr/local/gcc-arm-none-eabi-4_9-2015q2/bin/../lib/gcc/arm-none-eabi/4.9.3/../../../../arm-none-eabi/lib/armv7-m/libc_nano.a(lib_a-memmove.o)
                0x0000000000008c0c                memmove
 .text._Balloc  0x0000000000008c42       0x6a /usr/local/gcc-arm-none-eabi-4_9-2015q2/bin/../lib/gcc/arm-none-eabi/4.9.3/../../../../arm-none-eabi/lib/armv7-m/libc_nano.a(lib_a-mprec.o)
                0x0000000000008c42                _Balloc
 .text._Bfree   0x0000000000008cac       0x2e /usr/local/gcc-arm-none-eabi-4_9-2015q2/bin/../lib/gcc/arm-none-eabi/4.9.3/../../../../arm-none-eabi/lib/armv7-m/libc_nano.a(lib_a-mprec.o)
                0x0000000000008cac                _Bfree
 .text.__multadd
                0x0000000000008cda       0x7c /usr/local/gcc-arm-none-eabi-4_9-2015q2/bin/../lib/gcc/arm-none-eabi/4.9.3/../../../../arm-none-eabi/lib/armv7-m/libc_nano.a(lib_a-mprec.o)
                0x0000000000008cda                __multadd
 .text.__s2b    0x0000000000008d56       0x80 /usr/local/gcc-arm-none-eabi-4_9-2015q2/bin/../lib/gcc/arm-none-eabi/4.9.3/../../../../arm-none-eabi/lib/armv7-m/libc_nano.a(lib_a-mprec.o)
                0x0000000000008d56                __s2b
 .text.__hi0bits
                0x0000000000008dd6       0x40 /usr/local/gcc-arm-none-eabi-4_9-2015q2/bin/../lib/gcc/arm-none-eabi/4.9.3/../../../../arm-none-eabi/lib/armv7-m/libc_nano.a(lib_a-mprec.o)
                0x0000000000008dd6                __hi0bits
 .text.__lo0bits
                0x0000000000008e16       0x5a /usr/local/gcc-arm-none-eabi-4_9-2015q2/bin/../lib/gcc/arm-none-eabi/4.9.3/../../../../arm-none-eabi/lib/armv7-m/libc_nano.a(lib_a-mprec.o)
                0x0000000000008e16                __lo0bits
 .text.__i2b    0x0000000000008e70       0x12 /usr/local/gcc-arm-none-eabi-4_9-2015q2/bin/../lib/gcc/arm-none-eabi/4.9.3/../../../../arm-none-eabi/lib/armv7-m/libc_nano.a(lib_a-mprec.o)
                0x0000000000008e70                __i2b
 .text.__multiply
                0x0000000000008e82      0x120 /usr/local/gcc-arm-none-eabi-4_9-2015q2/bin/../lib/gcc/arm-none-eabi/4.9.3/../../../../arm-none-eabi/lib/armv7-m/libc_nano.a(lib_a-mprec.o)
                0x0000000000008e82                __multiply
 *fill*         0x0000000000008fa2        0x2 
 .text.__pow5mult
                0x0000000000008fa4       0x9c /usr/local/gcc-arm-none-eabi-4_9-2015q2/bin/../lib/gcc/arm-none-eabi/4.9.3/../../../../arm-none-eabi/lib/armv7-m/libc_nano.a(lib_a-mprec.o)
                0x0000000000008fa4                __pow5mult
 .text.__lshift
                0x0000000000009040       0xa6 /usr/local/gcc-arm-none-eabi-4_9-2015q2/bin/../lib/gcc/arm-none-eabi/4.9.3/../../../../arm-none-eabi/lib/armv7-m/libc_nano.a(lib_a-mprec.o)
                0x0000000000009040                __lshift
 .text.__mcmp   0x00000000000090e6       0x38 /usr/local/gcc-arm-none-eabi-4_9-2015q2/bin/../lib/gcc/arm-none-eabi/4.9.3/../../../../arm-none-eabi/lib/armv7-m/libc_nano.a(lib_a-mprec.o)
                0x00000000000090e6                __mcmp
 .text.__mdiff  0x000000000000911e       0xbe /usr/local/gcc-arm-none-eabi-4_9-2015q2/bin/../lib/gcc/arm-none-eabi/4.9.3/../../../../arm-none-eabi/lib/armv7-m/libc_nano.a(lib_a-mprec.o)
                0x000000000000911e                __mdiff
 .text.__ulp    0x00000000000091dc       0x48 /usr/local/gcc-arm-none-eabi-4_9-2015q2/bin/../lib/gcc/arm-none-eabi/4.9.3/../../../../arm-none-eabi/lib/armv7-m/libc_nano.a(lib_a-mprec.o)
                0x00000000000091dc                __ulp
 .text.__b2d    0x0000000000009224       0x9e /usr/local/gcc-arm-none-eabi-4_9-2015q2/bin/../lib/gcc/arm-none-eabi/4.9.3/../../../../arm-none-eabi/lib/armv7-m/libc_nano.a(lib_a-mprec.o)
                0x0000000000009224                __b2d
 .text.__d2b    0x00000000000092c2       0xa4 /usr/local/gcc-arm-none-eabi-4_9-2015q2/bin/../lib/gcc/arm-none-eabi/4.9.3/../../../../arm-none-eabi/lib/armv7-m/libc_nano.a(lib_a-mprec.o)
                0x00000000000092c2                __d2b
 .text.__ratio  0x0000000000009366       0x50 /usr/local/gcc-arm-none-eabi-4_9-2015q2/bin/../lib/gcc/arm-none-eabi/4.9.3/../../../../arm-none-eabi/lib/armv7-m/libc_nano.a(lib_a-mprec.o)
                0x0000000000009366                __ratio
 .text.__copybits
                0x00000000000093b6       0x34 /usr/local/gcc-arm-none-eabi-4_9-2015q2/bin/../lib/gcc/arm-none-eabi/4.9.3/../../../../arm-none-eabi/lib/armv7-m/libc_nano.a(lib_a-mprec.o)
                0x00000000000093b6                __copybits
 .text.__any_on
                0x00000000000093ea       0x44 /usr/local/gcc-arm-none-eabi-4_9-2015q2/bin/../lib/gcc/arm-none-eabi/4.9.3/../../../../arm-none-eabi/lib/armv7-m/libc_nano.a(lib_a-mprec.o)
                0x00000000000093ea                __any_on
 .text._calloc_r
                0x000000000000942e       0x1c /usr/local/gcc-arm-none-eabi-4_9-2015q2/bin/../lib/gcc/arm-none-eabi/4.9.3/../../../../arm-none-eabi/lib/armv7-m/libc_nano.a(lib_a-nano-callocr.o)
                0x000000000000942e                _calloc_r
 .text._realloc_r
                0x000000000000944a       0x4c /usr/local/gcc-arm-none-eabi-4_9-2015q2/bin/../lib/gcc/arm-none-eabi/4.9.3/../../../../arm-none-eabi/lib/armv7-m/libc_nano.a(lib_a-nano-reallocr.o)
                0x000000000000944a                _realloc_r
 .text.__ssputs_r
                0x0000000000009496       0xb2 /usr/local/gcc-arm-none-eabi-4_9-2015q2/bin/../lib/gcc/arm-none-eabi/4.9.3/../../../../arm-none-eabi/lib/armv7-m/libc_nano.a(lib_a-nano-svfprintf.o)
                0x0000000000009496                __ssputs_r
 .text._svfprintf_r
                0x0000000000009548      0x1e4 /usr/local/gcc-arm-none-eabi-4_9-2015q2/bin/../lib/gcc/arm-none-eabi/4.9.3/../../../../arm-none-eabi/lib/armv7-m/libc_nano.a(lib_a-nano-svfprintf.o)
                0x0000000000009548                _svfprintf_r
                0x0000000000009548                _svfiprintf_r
 .text._sungetc_r
                0x000000000000972c       0x7a /usr/local/gcc-arm-none-eabi-4_9-2015q2/bin/../lib/gcc/arm-none-eabi/4.9.3/../../../../arm-none-eabi/lib/armv7-m/libc_nano.a(lib_a-nano-svfscanf.o)
                0x000000000000972c                _sungetc_r
 .text.__ssrefill_r
                0x00000000000097a6       0x3a /usr/local/gcc-arm-none-eabi-4_9-2015q2/bin/../lib/gcc/arm-none-eabi/4.9.3/../../../../arm-none-eabi/lib/armv7-m/libc_nano.a(lib_a-nano-svfscanf.o)
                0x00000000000097a6                __ssrefill_r
 .text.__ssvfscanf_r
                0x00000000000097e0      0x29c /usr/local/gcc-arm-none-eabi-4_9-2015q2/bin/../lib/gcc/arm-none-eabi/4.9.3/../../../../arm-none-eabi/lib/armv7-m/libc_nano.a(lib_a-nano-svfscanf.o)
                0x00000000000097e0                __ssvfscanf_r
                0x00000000000097e0                __ssvfiscanf_r
 .text._read_r  0x0000000000009a7c       0x24 /usr/local/gcc-arm-none-eabi-4_9-2015q2/bin/../lib/gcc/arm-none-eabi/4.9.3/../../../../arm-none-eabi/lib/armv7-m/libc_nano.a(lib_a-readr.o)
                0x0000000000009a7c                _read_r
 .text._malloc_usable_size_r
                0x0000000000009aa0       0x14 /usr/local/gcc-arm-none-eabi-4_9-2015q2/bin/../lib/gcc/arm-none-eabi/4.9.3/../../../../arm-none-eabi/lib/armv7-m/libc_nano.a(lib_a-nano-msizer.o)
                0x0000000000009aa0                _malloc_usable_size_r
 .text          0x0000000000009ab4      0x370 /usr/local/gcc-arm-none-eabi-4_9-2015q2/bin/../lib/gcc/arm-none-eabi/4.9.3/armv7-m/libgcc.a(_arm_addsubdf3.o)
                0x0000000000009ab4                __aeabi_drsub
                0x0000000000009abc                __subdf3
                0x0000000000009abc                __aeabi_dsub
                0x0000000000009ac0                __aeabi_dadd
                0x0000000000009ac0                __adddf3
                0x0000000000009d38                __aeabi_ui2d
                0x0000000000009d38                __floatunsidf
                0x0000000000009d58                __floatsidf
                0x0000000000009d58                __aeabi_i2d
                0x0000000000009d7c                __extendsfdf2
                0x0000000000009d7c                __aeabi_f2d
                0x0000000000009db8                __aeabi_ul2d
                0x0000000000009db8                __floatundidf
                0x0000000000009dc8                __aeabi_l2d
                0x0000000000009dc8                __floatdidf
 .text          0x0000000000009e24      0x424 /usr/local/gcc-arm-none-eabi-4_9-2015q2/bin/../lib/gcc/arm-none-eabi/4.9.3/armv7-m/libgcc.a(_arm_muldivdf3.o)
                0x0000000000009e24                __aeabi_dmul
                0x0000000000009e24                __muldf3
                0x000000000000a078                __aeabi_ddiv
                0x000000000000a078                __divdf3
 .text          0x000000000000a248      0x110 /usr/local/gcc-arm-none-eabi-4_9-2015q2/bin/../lib/gcc/arm-none-eabi/4.9.3/armv7-m/libgcc.a(_arm_cmpdf2.o)
                0x000000000000a248                __gtdf2
                0x000000000000a248                __gedf2
                0x000000000000a250                __ltdf2
                0x000000000000a250                __ledf2
                0x000000000000a258                __eqdf2
                0x000000000000a258                __nedf2
                0x000000000000a258                __cmpdf2
                0x000000000000a2d4                __aeabi_cdrcmple
                0x000000000000a2e4                __aeabi_cdcmple
                0x000000000000a2e4                __aeabi_cdcmpeq
                0x000000000000a2f4                __aeabi_dcmpeq
                0x000000000000a308                __aeabi_dcmplt
                0x000000000000a31c                __aeabi_dcmple
                0x000000000000a330                __aeabi_dcmpge
                0x000000000000a344                __aeabi_dcmpgt
 .text          0x000000000000a358       0x50 /usr/local/gcc-arm-none-eabi-4_9-2015q2/bin/../lib/gcc/arm-none-eabi/4.9.3/armv7-m/libgcc.a(_arm_fixdfsi.o)
                0x000000000000a358                __fixdfsi
                0x000000000000a358                __aeabi_d2iz
 .text          0x000000000000a3a8       0x40 /usr/local/gcc-arm-none-eabi-4_9-2015q2/bin/../lib/gcc/arm-none-eabi/4.9.3/armv7-m/libgcc.a(_arm_fixunsdfsi.o)
                0x000000000000a3a8                __fixunsdfsi
                0x000000000000a3a8                __aeabi_d2uiz
 .text          0x000000000000a3e8       0xa0 /usr/local/gcc-arm-none-eabi-4_9-2015q2/bin/../lib/gcc/arm-none-eabi/4.9.3/armv7-m/libgcc.a(_arm_truncdfsf2.o)
                0x000000000000a3e8                __aeabi_d2f
                0x000000000000a3e8                __truncdfsf2
 *(.init)
 .init          0x000000000000a488        0x4 /usr/local/gcc-arm-none-eabi-4_9-2015q2/bin/../lib/gcc/arm-none-eabi/4.9.3/armv7-m/crti.o
                0x000000000000a488                _init
 .init          0x000000000000a48c        0x8 /usr/local/gcc-arm-none-eabi-4_9-2015q2/bin/../lib/gcc/arm-none-eabi/4.9.3/armv7-m/crtn.o
 *(.fini)
 .fini          0x000000000000a494        0x4 /usr/local/gcc-arm-none-eabi-4_9-2015q2/bin/../lib/gcc/arm-none-eabi/4.9.3/armv7-m/crti.o
                0x000000000000a494                _fini
 .fini          0x000000000000a498        0x8 /usr/local/gcc-arm-none-eabi-4_9-2015q2/bin/../lib/gcc/arm-none-eabi/4.9.3/armv7-m/crtn.o
 *crtbegin.o(.ctors)
 *crtbegin?.o(.ctors)
 *(EXCLUDE_FILE(*crtend.o *crtend?.o) .ctors)
 *(SORT(.ctors.*))
 *(.ctors)
 *crtbegin.o(.dtors)
 *crtbegin?.o(.dtors)
 *(EXCLUDE_FILE(*crtend.o *crtend?.o) .dtors)
 *(SORT(.dtors.*))
 *(.dtors)
 *(.rodata*)
 .rodata.str1.1
                0x000000000000a4a0       0x52 main.o
                                         0x5a (size before relaxing)
 *fill*         0x000000000000a4f2        0x2 
 .rodata.str1.4
                0x000000000000a4f4       0x80 mbed/TARGET_LPC1768/TOOLCHAIN_GCC_ARM/board.o
 .rodata.__stdin_name
                0x000000000000a574        0x8 mbed/TARGET_LPC1768/TOOLCHAIN_GCC_ARM/retarget.o
                0x000000000000a574                __stdin_name
 .rodata.__stderr_name
                0x000000000000a57c        0x8 mbed/TARGET_LPC1768/TOOLCHAIN_GCC_ARM/retarget.o
                0x000000000000a57c                __stderr_name
 .rodata.__stdout_name
                0x000000000000a584        0x8 mbed/TARGET_LPC1768/TOOLCHAIN_GCC_ARM/retarget.o
                0x000000000000a584                __stdout_name
 *fill*         0x000000000000a58c        0x4 
 .rodata._ZTVN4mbed10FileHandleE
                0x000000000000a590       0x30 mbed/TARGET_LPC1768/TOOLCHAIN_GCC_ARM/retarget.o
                0x000000000000a590                vtable for mbed::FileHandle
 .rodata.str1.4
                0x000000000000a5c0        0xe mbed/TARGET_LPC1768/TOOLCHAIN_GCC_ARM/retarget.o
                                         0x10 (size before relaxing)
 *fill*         0x000000000000a5ce        0x2 
 .rodata.PinMap_UART_RTS
                0x000000000000a5d0       0x24 ./mbed/TARGET_LPC1768/TOOLCHAIN_GCC_ARM/libmbed.a(serial_api.o)
 .rodata.CSWTCH.24
                0x000000000000a5f4       0x10 ./mbed/TARGET_LPC1768/TOOLCHAIN_GCC_ARM/libmbed.a(serial_api.o)
 .rodata.PinMap_UART_RX
                0x000000000000a604       0x6c ./mbed/TARGET_LPC1768/TOOLCHAIN_GCC_ARM/libmbed.a(serial_api.o)
 .rodata.str1.4
                0x000000000000a670      0x1d0 ./mbed/TARGET_LPC1768/TOOLCHAIN_GCC_ARM/libmbed.a(serial_api.o)
                                        0x1e8 (size before relaxing)
 .rodata.PinMap_UART_TX
                0x000000000000a840       0x6c ./mbed/TARGET_LPC1768/TOOLCHAIN_GCC_ARM/libmbed.a(serial_api.o)
 .rodata.PinMap_UART_CTS
                0x000000000000a8ac       0x24 ./mbed/TARGET_LPC1768/TOOLCHAIN_GCC_ARM/libmbed.a(serial_api.o)
 .rodata._ZTVN4mbed11InterruptInE
                0x000000000000a8d0       0x10 ./mbed/TARGET_LPC1768/TOOLCHAIN_GCC_ARM/libmbed.a(InterruptIn.o)
                0x000000000000a8d0                vtable for mbed::InterruptIn
 .rodata._ZTVN4mbed10SerialBaseE
                0x000000000000a8e0       0x10 ./mbed/TARGET_LPC1768/TOOLCHAIN_GCC_ARM/libmbed.a(Serial.o)
                0x000000000000a8e0                vtable for mbed::SerialBase
 .rodata._ZTVN4mbed6SerialE
                0x000000000000a8f0       0x60 ./mbed/TARGET_LPC1768/TOOLCHAIN_GCC_ARM/libmbed.a(Serial.o)
                0x000000000000a8f0                vtable for mbed::Serial
 .rodata._ZTVN4mbed6StreamE
                0x000000000000a950       0x48 ./mbed/TARGET_LPC1768/TOOLCHAIN_GCC_ARM/libmbed.a(Stream.o)
                0x000000000000a950                vtable for mbed::Stream
 .rodata.str1.4
                0x000000000000a998        0x3 ./mbed/TARGET_LPC1768/TOOLCHAIN_GCC_ARM/libmbed.a(Stream.o)
                                          0x8 (size before relaxing)
 *fill*         0x000000000000a99b        0x5 
 .rodata._ZTVN4mbed6TickerE
                0x000000000000a9a0       0x18 ./mbed/TARGET_LPC1768/TOOLCHAIN_GCC_ARM/libmbed.a(Ticker.o)
                0x000000000000a9a0                vtable for mbed::Ticker
 .rodata._ZTVN4mbed10TimerEventE
                0x000000000000a9b8       0x18 ./mbed/TARGET_LPC1768/TOOLCHAIN_GCC_ARM/libmbed.a(TimerEvent.o)
                0x000000000000a9b8                vtable for mbed::TimerEvent
 .rodata.str1.4
                0x000000000000a9d0       0x31 ./mbed/TARGET_LPC1768/TOOLCHAIN_GCC_ARM/libmbed.a(assert.o)
                                         0x34 (size before relaxing)
 .rodata.str1.4
                0x0000000000000000       0x80 ./mbed/TARGET_LPC1768/TOOLCHAIN_GCC_ARM/libmbed.a(gpio.o)
 *fill*         0x000000000000aa01        0x3 
 .rodata.str1.4
                0x000000000000aa04       0x66 ./mbed/TARGET_LPC1768/TOOLCHAIN_GCC_ARM/libmbed.a(pinmap_common.o)
                                         0x68 (size before relaxing)
 *fill*         0x000000000000aa6a        0x2 
 .rodata.us_interface
                0x000000000000aa6c       0x14 ./mbed/TARGET_LPC1768/TOOLCHAIN_GCC_ARM/libmbed.a(us_ticker_api.o)
 .rodata.us_data
                0x000000000000aa80        0x8 ./mbed/TARGET_LPC1768/TOOLCHAIN_GCC_ARM/libmbed.a(us_ticker_api.o)
 .rodata.str1.4
                0x000000000000aa88       0x7a ./mbed/TARGET_LPC1768/TOOLCHAIN_GCC_ARM/libmbed.a(gpio_api.o)
                                         0x94 (size before relaxing)
 *fill*         0x000000000000ab02        0x2 
 .rodata.str1.4
                0x000000000000ab04       0x2d ./mbed/TARGET_LPC1768/TOOLCHAIN_GCC_ARM/libmbed.a(gpio_irq_api.o)
                                         0x30 (size before relaxing)
 *fill*         0x000000000000ab31        0x3 
 .rodata.str1.4
                0x000000000000ab34       0x64 ./mbed/TARGET_LPC1768/TOOLCHAIN_GCC_ARM/libmbed.a(pinmap.o)
                                         0x78 (size before relaxing)
 .rodata._ZTVN4mbed8FileBaseE
                0x000000000000ab98       0x10 ./mbed/TARGET_LPC1768/TOOLCHAIN_GCC_ARM/libmbed.a(FileBase.o)
                0x000000000000ab98                vtable for mbed::FileBase
 .rodata._ZTVN4mbed8FileLikeE
                0x000000000000aba8       0x40 ./mbed/TARGET_LPC1768/TOOLCHAIN_GCC_ARM/libmbed.a(FileLike.o)
                0x000000000000aba8                vtable for mbed::FileLike
 .rodata.TWO52  0x000000000000abe8       0x10 /usr/local/gcc-arm-none-eabi-4_9-2015q2/bin/../lib/gcc/arm-none-eabi/4.9.3/../../../../arm-none-eabi/lib/armv7-m/libm.a(lib_a-s_rint.o)
 .rodata.str1.4
                0x000000000000abf8        0x8 /usr/local/gcc-arm-none-eabi-4_9-2015q2/bin/../lib/gcc/arm-none-eabi/4.9.3/../../../../arm-none-eabi/lib/armv7-m/libm.a(lib_a-w_sqrt.o)
                                          0x5 (size before relaxing)
 .rodata.npio2_hw
                0x000000000000ac00       0x80 /usr/local/gcc-arm-none-eabi-4_9-2015q2/bin/../lib/gcc/arm-none-eabi/4.9.3/../../../../arm-none-eabi/lib/armv7-m/libm.a(lib_a-e_rem_pio2.o)
 .rodata.two_over_pi
                0x000000000000ac80      0x108 /usr/local/gcc-arm-none-eabi-4_9-2015q2/bin/../lib/gcc/arm-none-eabi/4.9.3/../../../../arm-none-eabi/lib/armv7-m/libm.a(lib_a-e_rem_pio2.o)
 .rodata.init_jk
                0x000000000000ad88       0x10 /usr/local/gcc-arm-none-eabi-4_9-2015q2/bin/../lib/gcc/arm-none-eabi/4.9.3/../../../../arm-none-eabi/lib/armv7-m/libm.a(lib_a-k_rem_pio2.o)
 .rodata.PIo2   0x000000000000ad98       0x40 /usr/local/gcc-arm-none-eabi-4_9-2015q2/bin/../lib/gcc/arm-none-eabi/4.9.3/../../../../arm-none-eabi/lib/armv7-m/libm.a(lib_a-k_rem_pio2.o)
 .rodata.atanlo
                0x000000000000add8       0x20 /usr/local/gcc-arm-none-eabi-4_9-2015q2/bin/../lib/gcc/arm-none-eabi/4.9.3/../../../../arm-none-eabi/lib/armv7-m/libm.a(lib_a-s_atan.o)
 .rodata.atanhi
                0x000000000000adf8       0x20 /usr/local/gcc-arm-none-eabi-4_9-2015q2/bin/../lib/gcc/arm-none-eabi/4.9.3/../../../../arm-none-eabi/lib/armv7-m/libm.a(lib_a-s_atan.o)
 .rodata.__sf_fake_stdin
                0x000000000000ae18       0x20 /usr/local/gcc-arm-none-eabi-4_9-2015q2/bin/../lib/gcc/arm-none-eabi/4.9.3/../../../../arm-none-eabi/lib/armv7-m/libc_nano.a(lib_a-findfp.o)
                0x000000000000ae18                __sf_fake_stdin
 .rodata.__sf_fake_stdout
                0x000000000000ae38       0x20 /usr/local/gcc-arm-none-eabi-4_9-2015q2/bin/../lib/gcc/arm-none-eabi/4.9.3/../../../../arm-none-eabi/lib/armv7-m/libc_nano.a(lib_a-findfp.o)
                0x000000000000ae38                __sf_fake_stdout
 .rodata.__sf_fake_stderr
                0x000000000000ae58       0x20 /usr/local/gcc-arm-none-eabi-4_9-2015q2/bin/../lib/gcc/arm-none-eabi/4.9.3/../../../../arm-none-eabi/lib/armv7-m/libc_nano.a(lib_a-findfp.o)
                0x000000000000ae58                __sf_fake_stderr
 .rodata.str1.1
                0x000000000000ae78        0x2 /usr/local/gcc-arm-none-eabi-4_9-2015q2/bin/../lib/gcc/arm-none-eabi/4.9.3/../../../../arm-none-eabi/lib/armv7-m/libc_nano.a(lib_a-impure.o)
 *fill*         0x000000000000ae7a        0x2 
 .rodata._global_impure_ptr
                0x000000000000ae7c        0x4 /usr/local/gcc-arm-none-eabi-4_9-2015q2/bin/../lib/gcc/arm-none-eabi/4.9.3/../../../../arm-none-eabi/lib/armv7-m/libc_nano.a(lib_a-impure.o)
                0x000000000000ae7c                _global_impure_ptr
 .rodata.str1.1
                0x000000000000ae80       0x11 /usr/local/gcc-arm-none-eabi-4_9-2015q2/bin/../lib/gcc/arm-none-eabi/4.9.3/../../../../arm-none-eabi/lib/armv7-m/libc_nano.a(lib_a-nano-vfprintf.o)
 .rodata.str1.1
                0x000000000000ae91       0x10 /usr/local/gcc-arm-none-eabi-4_9-2015q2/bin/../lib/gcc/arm-none-eabi/4.9.3/../../../../arm-none-eabi/lib/armv7-m/libc_nano.a(lib_a-nano-vfprintf_float.o)
                                         0x12 (size before relaxing)
 .rodata.str1.1